Component: ARM Compiler 5.06 update 6 (build 750) Tool: armlink [4d35ed]

==============================================================================

Section Cross References

    main.o(i.ADC_IRQHandler) refers to main.o(.data) for adc_extrusor
    main.o(i.EXTI0_IRQHandler) refers to main.o(.data) for contador
    main.o(i.EXTI15_10_IRQHandler) refers to main.o(.data) for contador
    main.o(i.EXTI1_IRQHandler) refers to main.o(.data) for contadorY
    main.o(i.EXTI2_IRQHandler) refers to main.o(.data) for contadorZ
    main.o(i.EXTI3_IRQHandler) refers to main.o(.data) for posicionInicial
    main.o(i.EXTI4_IRQHandler) refers to main.o(.data) for posicionInicial
    main.o(i.EXTI9_5_IRQHandler) refers to main.o(.data) for posicionInicialZ
    main.o(i.TIM3_IRQHandler) refers to main.o(.data) for contador_tiempo
    main.o(i.UART4_IRQHandler) refers to dflti.o(.text) for __aeabi_i2d
    main.o(i.UART4_IRQHandler) refers to dmul.o(.text) for __aeabi_dmul
    main.o(i.UART4_IRQHandler) refers to ddiv.o(.text) for __aeabi_ddiv
    main.o(i.UART4_IRQHandler) refers to d2f.o(.text) for __aeabi_d2f
    main.o(i.UART4_IRQHandler) refers to main.o(i._Z12enviarMatlabv) for enviarMatlab()
    main.o(i.UART4_IRQHandler) refers to main.o(.data) for dato
    main.o(i._Z12enviarMatlabv) refers to main.o(.data) for px
    main.o(i.main) refers to main.o(i._Z16__NVIC_EnableIRQ9IRQn_Type) for __NVIC_EnableIRQ(IRQn_Type)
    main.o(i.main) refers to system_stm32f7xx.o(i.SystemCoreClockUpdate) for SystemCoreClockUpdate
    main.o(i.main) refers to main.o(i._Z8conv_adcv) for conv_adc()
    main.o(i.main) refers to f2d.o(.text) for __aeabi_f2d
    main.o(i.main) refers to dmul.o(.text) for __aeabi_dmul
    main.o(i.main) refers to dadd.o(.text) for __aeabi_dadd
    main.o(i.main) refers to ddiv.o(.text) for __aeabi_ddiv
    main.o(i.main) refers to dfixui.o(.text) for __aeabi_d2uiz
    main.o(i.main) refers to system_stm32f7xx.o(.data) for SystemCoreClock
    main.o(i.main) refers to main.o(.data) for posicionInicialZ
    main.o(i.main) refers to main.o(i._ZSt3logf) for std::log(float)
    main.o(i.main) refers to main.o(i._ZSt3absd) for std::abs(double)
    main.o(i.main) refers to d2f.o(.text) for __aeabi_d2f
    main.o(i.main) refers to dflti.o(.text) for __aeabi_i2d
    main.o(.ARM.exidx) refers to main.o(i._Z16__NVIC_EnableIRQ9IRQn_Type) for i._Z16__NVIC_EnableIRQ9IRQn_Type
    main.o(.ARM.exidx) refers to main.o(i._Z12enviarMatlabv) for i._Z12enviarMatlabv
    main.o(.ARM.exidx) refers to main.o(i._Z8conv_adcv) for i._Z8conv_adcv
    main.o(.ARM.exidx) refers to main.o(i._Z18movimientoExtrusorv) for i._Z18movimientoExtrusorv
    main.o(.ARM.exidx) refers to main.o(i.SysTick_Handler) for i.SysTick_Handler
    main.o(.ARM.exidx) refers to main.o(i.ADC_IRQHandler) for i.ADC_IRQHandler
    main.o(.ARM.exidx) refers to main.o(i.TIM3_IRQHandler) for i.TIM3_IRQHandler
    main.o(.ARM.exidx) refers to main.o(i.TIM4_IRQHandler) for i.TIM4_IRQHandler
    main.o(.ARM.exidx) refers to main.o(i.EXTI0_IRQHandler) for i.EXTI0_IRQHandler
    main.o(.ARM.exidx) refers to main.o(i.EXTI1_IRQHandler) for i.EXTI1_IRQHandler
    main.o(.ARM.exidx) refers to main.o(i.EXTI2_IRQHandler) for i.EXTI2_IRQHandler
    main.o(.ARM.exidx) refers to main.o(i.EXTI3_IRQHandler) for i.EXTI3_IRQHandler
    main.o(.ARM.exidx) refers to main.o(i.EXTI4_IRQHandler) for i.EXTI4_IRQHandler
    main.o(.ARM.exidx) refers to main.o(i.EXTI9_5_IRQHandler) for i.EXTI9_5_IRQHandler
    main.o(.ARM.exidx) refers to main.o(i.EXTI15_10_IRQHandler) for i.EXTI15_10_IRQHandler
    main.o(.ARM.exidx) refers to main.o(i.UART4_IRQHandler) for i.UART4_IRQHandler
    main.o(.ARM.exidx) refers to main.o(i.main) for i.main
    basicmathfunctions.o(i.arm_shift_q31) refers to llshl.o(.text) for __aeabi_llsl
    bayesfunctions.o(i.arm_gaussian_naive_bayes_predict_f32) refers to logf.o(i.__hardfp_logf) for __hardfp_logf
    bayesfunctions.o(i.arm_gaussian_naive_bayes_predict_f32) refers to statisticsfunctions.o(i.arm_max_f32) for arm_max_f32
    complexmathfunctions.o(i.arm_cmplx_mag_q15) refers to fastmathfunctions.o(i.arm_sqrt_q15) for arm_sqrt_q15
    complexmathfunctions.o(i.arm_cmplx_mag_q31) refers to fastmathfunctions.o(i.arm_sqrt_q31) for arm_sqrt_q31
    controllerfunctions.o(i.arm_sin_cos_f32) refers to commontables.o(.constdata) for sinTable_f32
    controllerfunctions.o(i.arm_sin_cos_q31) refers to commontables.o(.constdata) for sinTable_q31
    distancefunctions.o(i.arm_correlation_distance_f32) refers to statisticsfunctions.o(i.arm_mean_f32) for arm_mean_f32
    distancefunctions.o(i.arm_correlation_distance_f32) refers to basicmathfunctions.o(i.arm_offset_f32) for arm_offset_f32
    distancefunctions.o(i.arm_correlation_distance_f32) refers to statisticsfunctions.o(i.arm_power_f32) for arm_power_f32
    distancefunctions.o(i.arm_correlation_distance_f32) refers to basicmathfunctions.o(i.arm_dot_prod_f32) for arm_dot_prod_f32
[...]
    log.o(i.__softfp_log) refers to log.o(i.__hardfp_log) for __hardfp_log
    log.o(i.log) refers (Special) to iusefp.o(.text) for __I$use$fp
    log.o(i.log) refers to log.o(i.__hardfp_log) for __hardfp_log
    log.o(.constdata) refers (Special) to iusefp.o(.text) for __I$use$fp
    log_x.o(i.____hardfp_log$lsc) refers (Special) to iusefp.o(.text) for __I$use$fp
    log_x.o(i.____hardfp_log$lsc) refers to dunder.o(i.__mathlib_dbl_infnan) for __mathlib_dbl_infnan
    log_x.o(i.____hardfp_log$lsc) refers to errno.o(i.__set_errno) for __set_errno
    log_x.o(i.____hardfp_log$lsc) refers to dmul.o(.text) for __aeabi_dmul
    log_x.o(i.____hardfp_log$lsc) refers to dadd.o(.text) for __aeabi_dsub
    log_x.o(i.____hardfp_log$lsc) refers to cdcmple.o(.text) for __aeabi_cdcmpeq
    log_x.o(i.____hardfp_log$lsc) refers to dflti.o(.text) for __aeabi_i2d
    log_x.o(i.____hardfp_log$lsc) refers to ddiv.o(.text) for __aeabi_ddiv
    log_x.o(i.____hardfp_log$lsc) refers to poly.o(i.__kernel_poly) for __kernel_poly
    log_x.o(i.____hardfp_log$lsc) refers to qnan.o(.constdata) for __mathlib_zero
    log_x.o(i.____hardfp_log$lsc) refers to log_x.o(.constdata) for .constdata
    log_x.o(i.____softfp_log$lsc) refers (Special) to iusefp.o(.text) for __I$use$fp
    log_x.o(i.____softfp_log$lsc) refers to log_x.o(i.____hardfp_log$lsc) for ____hardfp_log$lsc
    log_x.o(i.__log$lsc) refers (Special) to iusefp.o(.text) for __I$use$fp
    log_x.o(i.__log$lsc) refers to log_x.o(i.____hardfp_log$lsc) for ____hardfp_log$lsc
    log_x.o(.constdata) refers (Special) to iusefp.o(.text) for __I$use$fp
    logf.o(i.__hardfp_logf) refers (Special) to iusefp.o(.text) for __I$use$fp
    logf.o(i.__hardfp_logf) refers to funder.o(i.__mathlib_flt_infnan) for __mathlib_flt_infnan
    logf.o(i.__hardfp_logf) refers to errno.o(i.__set_errno) for __set_errno
    logf.o(i.__hardfp_logf) refers to funder.o(i.__mathlib_flt_invalid) for __mathlib_flt_invalid
    logf.o(i.__hardfp_logf) refers to funder.o(i.__mathlib_flt_divzero) for __mathlib_flt_divzero
    logf.o(i.__hardfp_logf) refers to logf.o(.constdata) for .constdata
    logf.o(i.__softfp_logf) refers (Special) to iusefp.o(.text) for __I$use$fp
    logf.o(i.__softfp_logf) refers to logf.o(i.__hardfp_logf) for __hardfp_logf
    logf.o(i.logf) refers (Special) to iusefp.o(.text) for __I$use$fp
    logf.o(i.logf) refers to logf.o(i.__hardfp_logf) for __hardfp_logf
    logf.o(.constdata) refers (Special) to iusefp.o(.text) for __I$use$fp
    logf_x.o(i.____hardfp_logf$lsc) refers (Special) to iusefp.o(.text) for __I$use$fp
    logf_x.o(i.____hardfp_logf$lsc) refers to funder.o(i.__mathlib_flt_infnan) for __mathlib_flt_infnan
    logf_x.o(i.____hardfp_logf$lsc) refers to errno.o(i.__set_errno) for __set_errno
    logf_x.o(i.____hardfp_logf$lsc) refers to logf_x.o(.constdata) for .constdata
    logf_x.o(i.____softfp_logf$lsc) refers (Special) to iusefp.o(.text) for __I$use$fp
    logf_x.o(i.____softfp_logf$lsc) refers to logf_x.o(i.____hardfp_logf$lsc) for ____hardfp_logf$lsc
    logf_x.o(i.__logf$lsc) refers (Special) to iusefp.o(.text) for __I$use$fp
    logf_x.o(i.__logf$lsc) refers to logf_x.o(i.____hardfp_logf$lsc) for ____hardfp_logf$lsc
    logf_x.o(.constdata) refers (Special) to iusefp.o(.text) for __I$use$fp
    powf.o(i.__hardfp_powf) refers (Special) to iusefp.o(.text) for __I$use$fp
    powf.o(i.__hardfp_powf) refers to fpstat.o(.text) for __ieee_status
    powf.o(i.__hardfp_powf) refers to errno.o(i.__set_errno) for __set_errno
    powf.o(i.__hardfp_powf) refers to funder.o(i.__mathlib_flt_overflow) for __mathlib_flt_overflow
    powf.o(i.__hardfp_powf) refers to fpclassifyf.o(i.__ARM_fpclassifyf) for __ARM_fpclassifyf
    powf.o(i.__hardfp_powf) refers to funder.o(i.__mathlib_flt_underflow) for __mathlib_flt_underflow
    powf.o(i.__hardfp_powf) refers to funder.o(i.__mathlib_flt_invalid) for __mathlib_flt_invalid
    powf.o(i.__hardfp_powf) refers to powf.o(.constdata) for .constdata
    powf.o(i.__hardfp_powf) refers to funder.o(i.__mathlib_flt_infnan2) for __mathlib_flt_infnan2
    powf.o(i.__hardfp_powf) refers to funder.o(i.__mathlib_flt_divzero) for __mathlib_flt_divzero
    powf.o(i.__softfp_powf) refers (Special) to iusefp.o(.text) for __I$use$fp
    powf.o(i.__softfp_powf) refers to powf.o(i.__hardfp_powf) for __hardfp_powf
    powf.o(i.powf) refers (Special) to iusefp.o(.text) for __I$use$fp
    powf.o(i.powf) refers to powf.o(i.__hardfp_powf) for __hardfp_powf
    powf.o(.constdata) refers (Special) to iusefp.o(.text) for __I$use$fp
    powf_x.o(i.____hardfp_powf$lsc) refers (Special) to iusefp.o(.text) for __I$use$fp
    powf_x.o(i.____hardfp_powf$lsc) refers to fpstat.o(.text) for __ieee_status
    powf_x.o(i.____hardfp_powf$lsc) refers to errno.o(i.__set_errno) for __set_errno
    powf_x.o(i.____hardfp_powf$lsc) refers to powf_x.o(.constdata) for .constdata
    powf_x.o(i.____hardfp_powf$lsc) refers to funder.o(i.__mathlib_flt_infnan2) for __mathlib_flt_infnan2
    powf_x.o(i.____softfp_powf$lsc) refers (Special) to iusefp.o(.text) for __I$use$fp
    powf_x.o(i.____softfp_powf$lsc) refers to powf_x.o(i.____hardfp_powf$lsc) for ____hardfp_powf$lsc
    powf_x.o(i.__powf$lsc) refers (Special) to iusefp.o(.text) for __I$use$fp
    powf_x.o(i.__powf$lsc) refers to powf_x.o(i.____hardfp_powf$lsc) for ____hardfp_powf$lsc
    powf_x.o(.constdata) refers (Special) to iusefp.o(.text) for __I$use$fp
    tanhf.o(i.__hardfp_tanhf) refers (Special) to iusefp.o(.text) for __I$use$fp
    tanhf.o(i.__hardfp_tanhf) refers to expf.o(i.__hardfp_expf) for __hardfp_expf
    tanhf.o(i.__hardfp_tanhf) refers to fpclassifyf.o(i.__ARM_fpclassifyf) for __ARM_fpclassifyf
    tanhf.o(i.__hardfp_tanhf) refers to funder.o(i.__mathlib_flt_underflow) for __mathlib_flt_underflow
    tanhf.o(i.__hardfp_tanhf) refers to funder.o(i.__mathlib_flt_infnan) for __mathlib_flt_infnan
    tanhf.o(i.__softfp_tanhf) refers (Special) to iusefp.o(.text) for __I$use$fp
    tanhf.o(i.__softfp_tanhf) refers to tanhf.o(i.__hardfp_tanhf) for __hardfp_tanhf
    tanhf.o(i.tanhf) refers (Special) to iusefp.o(.text) for __I$use$fp
    tanhf.o(i.tanhf) refers to tanhf.o(i.__hardfp_tanhf) for __hardfp_tanhf
    tanhf_x.o(i.____hardfp_tanhf$lsc) refers (Special) to iusefp.o(.text) for __I$use$fp
    tanhf_x.o(i.____hardfp_tanhf$lsc) refers to expf.o(i.__hardfp_expf) for __hardfp_expf
    tanhf_x.o(i.____hardfp_tanhf$lsc) refers to funder.o(i.__mathlib_flt_infnan) for __mathlib_flt_infnan
    tanhf_x.o(i.____softfp_tanhf$lsc) refers (Special) to iusefp.o(.text) for __I$use$fp
    tanhf_x.o(i.____softfp_tanhf$lsc) refers to tanhf_x.o(i.____hardfp_tanhf$lsc) for ____hardfp_tanhf$lsc
    tanhf_x.o(i.__tanhf$lsc) refers (Special) to iusefp.o(.text) for __I$use$fp
    tanhf_x.o(i.__tanhf$lsc) refers to tanhf_x.o(i.____hardfp_tanhf$lsc) for ____hardfp_tanhf$lsc
    entry.o(.ARM.Collect$$$$00000000) refers (Special) to entry10a.o(.ARM.Collect$$$$0000000D) for __rt_final_cpp
    entry.o(.ARM.Collect$$$$00000000) refers (Special) to entry11a.o(.ARM.Collect$$$$0000000F) for __rt_final_exit
    entry.o(.ARM.Collect$$$$00000000) refers (Special) to entry7b.o(.ARM.Collect$$$$00000008) for _main_clock
    entry.o(.ARM.Collect$$$$00000000) refers (Special) to entry8b.o(.ARM.Collect$$$$0000000A) for _main_cpp_init
    entry.o(.ARM.Collect$$$$00000000) refers (Special) to entry9a.o(.ARM.Collect$$$$0000000B) for _main_init
    entry.o(.ARM.Collect$$$$00000000) refers (Special) to entry5.o(.ARM.Collect$$$$00000004) for _main_scatterload
    entry.o(.ARM.Collect$$$$00000000) refers (Special) to entry2.o(.ARM.Collect$$$$00000001) for _main_stk
    uldiv.o(.text) refers to llushr.o(.text) for __aeabi_llsr
    uldiv.o(.text) refers to llshl.o(.text) for __aeabi_llsl
    ldiv.o(.text) refers to uldiv.o(.text) for __aeabi_uldivmod
    dadd.o(.text) refers (Special) to iusefp.o(.text) for __I$use$fp
    dadd.o(.text) refers to llshl.o(.text) for __aeabi_llsl
    dadd.o(.text) refers to llsshr.o(.text) for __aeabi_lasr
    dadd.o(.text) refers to depilogue.o(.text) for _double_epilogue
    dmul.o(.text) refers (Special) to iusefp.o(.text) for __I$use$fp
    dmul.o(.text) refers to depilogue.o(.text) for _double_epilogue
    ddiv.o(.text) refers (Special) to iusefp.o(.text) for __I$use$fp
    ddiv.o(.text) refers to depilogue.o(.text) for _double_round
    dneg.o(.text) refers (Special) to iusefp.o(.text) for __I$use$fp
    dflti.o(.text) refers (Special) to iusefp.o(.text) for __I$use$fp
    dflti.o(.text) refers to depilogue.o(.text) for _double_epilogue
    dfltui.o(.text) refers (Special) to iusefp.o(.text) for __I$use$fp
    dfltui.o(.text) refers to depilogue.o(.text) for _double_epilogue
    ffixl.o(.text) refers (Special) to iusefp.o(.text) for __I$use$fp
    ffixl.o(.text) refers to llshl.o(.text) for __aeabi_llsl
    dfixui.o(.text) refers (Special) to iusefp.o(.text) for __I$use$fp
    dfixui.o(.text) refers to llushr.o(.text) for __aeabi_llsr
    f2d.o(.text) refers (Special) to iusefp.o(.text) for __I$use$fp
    cdcmple.o(.text) refers (Special) to iusefp.o(.text) for __I$use$fp
    d2f.o(.text) refers (Special) to iusefp.o(.text) for __I$use$fp
    d2f.o(.text) refers to fepilogue.o(.text) for _float_round
    dunder.o(i.__mathlib_dbl_divzero) refers to ddiv.o(.text) for __aeabi_ddiv
    dunder.o(i.__mathlib_dbl_infnan) refers to dadd.o(.text) for __aeabi_dadd
    dunder.o(i.__mathlib_dbl_infnan2) refers to dadd.o(.text) for __aeabi_dadd
    dunder.o(i.__mathlib_dbl_invalid) refers to ddiv.o(.text) for __aeabi_ddiv
    dunder.o(i.__mathlib_dbl_overflow) refers to dmul.o(.text) for __aeabi_dmul
    dunder.o(i.__mathlib_dbl_posinfnan) refers to dmul.o(.text) for __aeabi_dmul
    dunder.o(i.__mathlib_dbl_underflow) refers to dmul.o(.text) for __aeabi_dmul
    fpclassifyf.o(i.__ARM_fpclassifyf) refers (Special) to iusefp.o(.text) for __I$use$fp
    poly.o(i.__kernel_poly) refers (Special) to iusefp.o(.text) for __I$use$fp
    poly.o(i.__kernel_poly) refers to dmul.o(.text) for __aeabi_dmul
    poly.o(i.__kernel_poly) refers to dadd.o(.text) for __aeabi_dadd
    qnan.o(.constdata) refers (Special) to iusefp.o(.text) for __I$use$fp
    entry2.o(.ARM.Collect$$$$00000001) refers to entry2.o(.ARM.Collect$$$$00002712) for __lit__00000000
    entry2.o(.ARM.Collect$$$$00002712) refers to startup_stm32f746xx.o(STACK) for __initial_sp
    entry2.o(__vectab_stack_and_reset_area) refers to startup_stm32f746xx.o(STACK) for __initial_sp
    entry2.o(__vectab_stack_and_reset_area) refers to entry.o(.ARM.Collect$$$$00000000) for __main
    entry5.o(.ARM.Collect$$$$00000004) refers to init.o(.text) for __scatterload
    entry9a.o(.ARM.Collect$$$$0000000B) refers to main.o(i.main) for main
    entry9b.o(.ARM.Collect$$$$0000000C) refers to main.o(i.main) for main
    errno.o(i.__aeabi_errno_addr) refers to errno.o(.data) for .data
    errno.o(i.__read_errno) refers to errno.o(.data) for .data
    errno.o(i.__set_errno) refers to errno.o(.data) for .data
    depilogue.o(.text) refers to llshl.o(.text) for __aeabi_llsl
    depilogue.o(.text) refers to llushr.o(.text) for __aeabi_llsr
    init.o(.text) refers to entry5.o(.ARM.Collect$$$$00000004) for __main_after_scatterload
    main.o(i._ZSt3absd) refers to fabs.o(i.__hardfp_fabs) for __hardfp_fabs
    main.o(.ARM.exidx) refers to main.o(i._ZSt3absd) for i._ZSt3absd
    main.o(i._ZSt3logf) refers to logf.o(i.__hardfp_logf) for __hardfp_logf
    main.o(.ARM.exidx) refers to main.o(i._ZSt3logf) for i._ZSt3logf


==============================================================================

Removing Unused input sections from the image.

    Removing main.o(.rev16_text), (4 bytes).
    Removing main.o(.revsh_text), (4 bytes).
    Removing main.o(.rrx_text), (6 bytes).
    Removing main.o(i._Z18movimientoExtrusorv), (2 bytes).
    Removing main.o(.ARM.exidx), (8 bytes).
    Removing main.o(.ARM.exidx), (8 bytes).
    Removing main.o(.ARM.exidx), (8 bytes).
    Removing main.o(.ARM.exidx), (8 bytes).
    Removing main.o(.ARM.exidx), (8 bytes).
    Removing main.o(.ARM.exidx), (8 bytes).
    Removing main.o(.ARM.exidx), (8 bytes).
    Removing main.o(.ARM.exidx), (8 bytes).
    Removing main.o(.ARM.exidx), (8 bytes).
    Removing main.o(.ARM.exidx), (8 bytes).
    Removing main.o(.ARM.exidx), (8 bytes).
    Removing main.o(.ARM.exidx), (8 bytes).
    Removing main.o(.ARM.exidx), (8 bytes).
    Removing main.o(.ARM.exidx), (8 bytes).
    Removing main.o(.ARM.exidx), (8 bytes).
    Removing main.o(.ARM.exidx), (8 bytes).
    Removing main.o(.ARM.exidx), (8 bytes).
    Removing basicmathfunctions.o(.rev16_text), (4 bytes).
    Removing basicmathfunctions.o(.revsh_text), (4 bytes).
    Removing basicmathfunctions.o(.rrx_text), (6 bytes).
    Removing basicmathfunctions.o(i.arm_abs_f32), (26 bytes).
    Removing basicmathfunctions.o(i.arm_abs_q15), (40 bytes).
    Removing basicmathfunctions.o(i.arm_abs_q31), (34 bytes).
    Removing basicmathfunctions.o(i.arm_abs_q7), (40 bytes).
    Removing basicmathfunctions.o(i.arm_add_f32), (30 bytes).
    Removing basicmathfunctions.o(i.arm_add_q15), (32 bytes).
    Removing basicmathfunctions.o(i.arm_add_q31), (24 bytes).
    Removing basicmathfunctions.o(i.arm_add_q7), (32 bytes).
    Removing basicmathfunctions.o(i.arm_and_u16), (28 bytes).
    Removing basicmathfunctions.o(i.arm_and_u32), (22 bytes).
    Removing basicmathfunctions.o(i.arm_and_u8), (28 bytes).
    Removing basicmathfunctions.o(i.arm_dot_prod_f32), (52 bytes).
    Removing basicmathfunctions.o(i.arm_dot_prod_q15), (54 bytes).
    Removing basicmathfunctions.o(i.arm_dot_prod_q31), (60 bytes).
    Removing basicmathfunctions.o(i.arm_dot_prod_q7), (30 bytes).
    Removing basicmathfunctions.o(i.arm_mult_f32), (30 bytes).
    Removing basicmathfunctions.o(i.arm_mult_q15), (34 bytes).
    Removing basicmathfunctions.o(i.arm_mult_q31), (34 bytes).
    Removing basicmathfunctions.o(i.arm_mult_q7), (34 bytes).
    Removing basicmathfunctions.o(i.arm_negate_f32), (26 bytes).
    Removing basicmathfunctions.o(i.arm_negate_q15), (40 bytes).
    Removing basicmathfunctions.o(i.arm_negate_q31), (24 bytes).
    Removing basicmathfunctions.o(i.arm_negate_q7), (30 bytes).
    Removing basicmathfunctions.o(i.arm_not_u16), (24 bytes).
    Removing basicmathfunctions.o(i.arm_not_u32), (20 bytes).
    Removing basicmathfunctions.o(i.arm_not_u8), (24 bytes).
    Removing basicmathfunctions.o(i.arm_offset_f32), (26 bytes).
    Removing basicmathfunctions.o(i.arm_offset_q15), (28 bytes).
    Removing basicmathfunctions.o(i.arm_offset_q31), (22 bytes).
    Removing basicmathfunctions.o(i.arm_offset_q7), (28 bytes).
    Removing basicmathfunctions.o(i.arm_or_u16), (28 bytes).
    Removing basicmathfunctions.o(i.arm_or_u32), (22 bytes).
    Removing basicmathfunctions.o(i.arm_or_u8), (28 bytes).
    Removing basicmathfunctions.o(i.arm_scale_f32), (26 bytes).
    Removing basicmathfunctions.o(i.arm_scale_q15), (38 bytes).
    Removing basicmathfunctions.o(i.arm_scale_q31), (108 bytes).
    Removing basicmathfunctions.o(i.arm_scale_q7), (38 bytes).
    Removing basicmathfunctions.o(i.arm_shift_q15), (58 bytes).
    Removing basicmathfunctions.o(i.arm_shift_q31), (110 bytes).
    Removing basicmathfunctions.o(i.arm_shift_q7), (58 bytes).
    Removing basicmathfunctions.o(i.arm_sub_f32), (30 bytes).
    Removing basicmathfunctions.o(i.arm_sub_q15), (32 bytes).
    Removing basicmathfunctions.o(i.arm_sub_q31), (24 bytes).
    Removing basicmathfunctions.o(i.arm_sub_q7), (32 bytes).
    Removing basicmathfunctions.o(i.arm_xor_u16), (28 bytes).
    Removing basicmathfunctions.o(i.arm_xor_u32), (22 bytes).
    Removing basicmathfunctions.o(i.arm_xor_u8), (28 bytes).
    Removing bayesfunctions.o(.rev16_text), (4 bytes).
    Removing bayesfunctions.o(.revsh_text), (4 bytes).
    Removing bayesfunctions.o(.rrx_text), (6 bytes).
    Removing bayesfunctions.o(i.arm_gaussian_naive_bayes_predict_f32), (264 bytes).
    Removing commontables.o(.rev16_text), (4 bytes).
    Removing commontables.o(.revsh_text), (4 bytes).
    Removing commontables.o(.rrx_text), (6 bytes).
    Removing commontables.o(.constdata), (920372 bytes).
    Removing complexmathfunctions.o(.rev16_text), (4 bytes).
    Removing complexmathfunctions.o(.revsh_text), (4 bytes).
    Removing complexmathfunctions.o(.rrx_text), (6 bytes).
    Removing complexmathfunctions.o(i.arm_cmplx_conj_f32), (34 bytes).
    Removing complexmathfunctions.o(i.arm_cmplx_conj_q15), (36 bytes).
    Removing complexmathfunctions.o(i.arm_cmplx_conj_q31), (28 bytes).
    Removing complexmathfunctions.o(i.arm_cmplx_dot_prod_f32), (108 bytes).
    Removing complexmathfunctions.o(i.arm_cmplx_dot_prod_q15), (152 bytes).
    Removing complexmathfunctions.o(i.arm_cmplx_dot_prod_q31), (164 bytes).
    Removing complexmathfunctions.o(i.arm_cmplx_mag_f32), (80 bytes).
    Removing complexmathfunctions.o(i.arm_cmplx_mag_q15), (64 bytes).
    Removing complexmathfunctions.o(i.arm_cmplx_mag_q31), (60 bytes).
    Removing complexmathfunctions.o(i.arm_cmplx_mag_squared_f32), (34 bytes).
    Removing complexmathfunctions.o(i.arm_cmplx_mag_squared_q15), (50 bytes).
    Removing complexmathfunctions.o(i.arm_cmplx_mag_squared_q31), (48 bytes).
    Removing complexmathfunctions.o(i.arm_cmplx_mult_cmplx_f32), (54 bytes).
    Removing complexmathfunctions.o(i.arm_cmplx_mult_cmplx_q15), (80 bytes).
    Removing complexmathfunctions.o(i.arm_cmplx_mult_cmplx_q31), (80 bytes).
    Removing complexmathfunctions.o(i.arm_cmplx_mult_real_f32), (42 bytes).
    Removing complexmathfunctions.o(i.arm_cmplx_mult_real_q15), (52 bytes).
    Removing complexmathfunctions.o(i.arm_cmplx_mult_real_q31), (46 bytes).
    Removing controllerfunctions.o(.rev16_text), (4 bytes).
    Removing controllerfunctions.o(.revsh_text), (4 bytes).
    Removing controllerfunctions.o(.rrx_text), (6 bytes).
    Removing controllerfunctions.o(i.arm_pid_init_f32), (64 bytes).
    Removing controllerfunctions.o(i.arm_pid_init_q15), (62 bytes).
    Removing controllerfunctions.o(i.arm_pid_init_q31), (48 bytes).
    Removing controllerfunctions.o(i.arm_pid_reset_f32), (10 bytes).
    Removing controllerfunctions.o(i.arm_pid_reset_q15), (8 bytes).
    Removing controllerfunctions.o(i.arm_pid_reset_q31), (10 bytes).
    Removing controllerfunctions.o(i.arm_sin_cos_f32), (472 bytes).
    Removing controllerfunctions.o(i.arm_sin_cos_q31), (576 bytes).
    Removing distancefunctions.o(.rev16_text), (4 bytes).
    Removing distancefunctions.o(.revsh_text), (4 bytes).
    Removing distancefunctions.o(.rrx_text), (6 bytes).
    Removing distancefunctions.o(i.arm_boolean_distance_TF_FT), (202 bytes).
    Removing distancefunctions.o(i.arm_boolean_distance_TT), (128 bytes).
    Removing distancefunctions.o(i.arm_boolean_distance_TT_FF_TF_FT), (322 bytes).
    Removing distancefunctions.o(i.arm_boolean_distance_TT_TF_FT), (248 bytes).
    Removing distancefunctions.o(i.arm_braycurtis_distance_f32), (76 bytes).
    Removing distancefunctions.o(i.arm_canberra_distance_f32), (84 bytes).
    Removing distancefunctions.o(i.arm_chebyshev_distance_f32), (100 bytes).
    Removing distancefunctions.o(i.arm_cityblock_distance_f32), (48 bytes).
    Removing distancefunctions.o(i.arm_correlation_distance_f32), (228 bytes).
    Removing distancefunctions.o(i.arm_cosine_distance_f32), (108 bytes).
    Removing distancefunctions.o(i.arm_dice_distance), (188 bytes).
    Removing distancefunctions.o(i.arm_euclidean_distance_f32), (100 bytes).
    Removing distancefunctions.o(i.arm_hamming_distance), (112 bytes).
    Removing distancefunctions.o(i.arm_jaccard_distance), (128 bytes).
    Removing distancefunctions.o(i.arm_jensenshannon_distance_f32), (184 bytes).
    Removing distancefunctions.o(i.arm_kulsinski_distance), (132 bytes).
    Removing distancefunctions.o(i.arm_minkowski_distance_f32), (132 bytes).
    Removing distancefunctions.o(i.arm_rogerstanimoto_distance), (136 bytes).
    Removing distancefunctions.o(i.arm_russellrao_distance), (116 bytes).
    Removing distancefunctions.o(i.arm_sokalmichener_distance), (156 bytes).
    Removing distancefunctions.o(i.arm_sokalsneath_distance), (112 bytes).
    Removing distancefunctions.o(i.arm_yule_distance), (180 bytes).
    Removing distancefunctions.o(i.rel_entr), (36 bytes).
    Removing fastmathfunctions.o(.rev16_text), (4 bytes).
    Removing fastmathfunctions.o(.revsh_text), (4 bytes).
    Removing fastmathfunctions.o(.rrx_text), (6 bytes).
    Removing fastmathfunctions.o(i.arm_cos_f32), (164 bytes).
    Removing fastmathfunctions.o(i.arm_cos_q15), (72 bytes).
    Removing fastmathfunctions.o(i.arm_cos_q31), (84 bytes).
    Removing fastmathfunctions.o(i.arm_sin_f32), (160 bytes).
    Removing fastmathfunctions.o(i.arm_sin_q15), (68 bytes).
    Removing fastmathfunctions.o(i.arm_sin_q31), (80 bytes).
    Removing fastmathfunctions.o(i.arm_sqrt_q15), (296 bytes).
    Removing fastmathfunctions.o(i.arm_sqrt_q31), (320 bytes).
    Removing fastmathfunctions.o(i.arm_vexp_f32), (40 bytes).
    Removing fastmathfunctions.o(i.arm_vlog_f32), (40 bytes).
    Removing filteringfunctions.o(.rev16_text), (4 bytes).
    Removing filteringfunctions.o(.revsh_text), (4 bytes).
    Removing filteringfunctions.o(.rrx_text), (6 bytes).
    Removing filteringfunctions.o(i.arm_biquad_cas_df1_32x64_init_q31), (38 bytes).
    Removing filteringfunctions.o(i.arm_biquad_cas_df1_32x64_q31), (440 bytes).
    Removing filteringfunctions.o(i.arm_biquad_cascade_df1_f32), (172 bytes).
    Removing filteringfunctions.o(i.arm_biquad_cascade_df1_fast_q15), (368 bytes).
    Removing filteringfunctions.o(i.arm_biquad_cascade_df1_fast_q31), (360 bytes).
    Removing filteringfunctions.o(i.arm_biquad_cascade_df1_init_f32), (30 bytes).
    Removing filteringfunctions.o(i.arm_biquad_cascade_df1_init_q15), (40 bytes).
    Removing filteringfunctions.o(i.arm_biquad_cascade_df1_init_q31), (38 bytes).
    Removing filteringfunctions.o(i.arm_biquad_cascade_df1_q15), (846 bytes).
    Removing filteringfunctions.o(i.arm_biquad_cascade_df1_q31), (256 bytes).
    Removing filteringfunctions.o(i.arm_biquad_cascade_df2T_f32), (108 bytes).
    Removing filteringfunctions.o(i.arm_biquad_cascade_df2T_f64), (238 bytes).
    Removing filteringfunctions.o(i.arm_biquad_cascade_df2T_init_f32), (30 bytes).
    Removing filteringfunctions.o(i.arm_biquad_cascade_df2T_init_f64), (30 bytes).
    Removing filteringfunctions.o(i.arm_biquad_cascade_stereo_df2T_f32), (160 bytes).
    Removing filteringfunctions.o(i.arm_biquad_cascade_stereo_df2T_init_f32), (30 bytes).
    Removing filteringfunctions.o(i.arm_conv_f32), (384 bytes).
    Removing filteringfunctions.o(i.arm_conv_fast_opt_q15), (276 bytes).
    Removing filteringfunctions.o(i.arm_conv_fast_q15), (1924 bytes).
    Removing filteringfunctions.o(i.arm_conv_fast_q31), (1498 bytes).
    Removing filteringfunctions.o(i.arm_conv_opt_q15), (314 bytes).
    Removing filteringfunctions.o(i.arm_conv_opt_q7), (890 bytes).
    Removing filteringfunctions.o(i.arm_conv_partial_f32), (572 bytes).
    Removing filteringfunctions.o(i.arm_conv_partial_fast_opt_q15), (344 bytes).
    Removing filteringfunctions.o(i.arm_conv_partial_fast_q15), (1864 bytes).
    Removing filteringfunctions.o(i.arm_conv_partial_fast_q31), (548 bytes).
    Removing filteringfunctions.o(i.arm_conv_partial_opt_q15), (388 bytes).
    Removing filteringfunctions.o(i.arm_conv_partial_opt_q7), (944 bytes).
    Removing filteringfunctions.o(i.arm_conv_partial_q15), (3720 bytes).
    Removing filteringfunctions.o(i.arm_conv_partial_q31), (594 bytes).
    Removing filteringfunctions.o(i.arm_conv_partial_q7), (522 bytes).
    Removing filteringfunctions.o(i.arm_conv_q15), (3500 bytes).
    Removing filteringfunctions.o(i.arm_conv_q31), (488 bytes).
    Removing filteringfunctions.o(i.arm_conv_q7), (376 bytes).
    Removing filteringfunctions.o(i.arm_correlate_f32), (504 bytes).
    Removing filteringfunctions.o(i.arm_correlate_fast_opt_q15), (264 bytes).
    Removing filteringfunctions.o(i.arm_correlate_fast_q15), (1796 bytes).
    Removing filteringfunctions.o(i.arm_correlate_fast_q31), (1634 bytes).
    Removing filteringfunctions.o(i.arm_correlate_opt_q15), (310 bytes).
    Removing filteringfunctions.o(i.arm_correlate_opt_q7), (874 bytes).
    Removing filteringfunctions.o(i.arm_correlate_q15), (3230 bytes).
    Removing filteringfunctions.o(i.arm_correlate_q31), (598 bytes).
    Removing filteringfunctions.o(i.arm_correlate_q7), (474 bytes).
    Removing filteringfunctions.o(i.arm_fir_decimate_f32), (176 bytes).
    Removing filteringfunctions.o(i.arm_fir_decimate_fast_q15), (442 bytes).
    Removing filteringfunctions.o(i.arm_fir_decimate_fast_q31), (222 bytes).
    Removing filteringfunctions.o(i.arm_fir_decimate_init_f32), (66 bytes).
    Removing filteringfunctions.o(i.arm_fir_decimate_init_q15), (66 bytes).
    Removing filteringfunctions.o(i.arm_fir_decimate_init_q31), (66 bytes).
    Removing filteringfunctions.o(i.arm_fir_decimate_q15), (738 bytes).
    Removing filteringfunctions.o(i.arm_fir_decimate_q31), (236 bytes).
    Removing filteringfunctions.o(i.arm_fir_f32), (140 bytes).
    Removing filteringfunctions.o(i.arm_fir_fast_q15), (142 bytes).
    Removing filteringfunctions.o(i.arm_fir_fast_q31), (180 bytes).
    Removing filteringfunctions.o(i.arm_fir_init_f32), (40 bytes).
    Removing filteringfunctions.o(i.arm_fir_init_q15), (56 bytes).
    Removing filteringfunctions.o(i.arm_fir_init_q31), (40 bytes).
    Removing filteringfunctions.o(i.arm_fir_init_q7), (38 bytes).
    Removing filteringfunctions.o(i.arm_fir_interpolate_f32), (184 bytes).
    Removing filteringfunctions.o(i.arm_fir_interpolate_init_f32), (70 bytes).
    Removing filteringfunctions.o(i.arm_fir_interpolate_init_q15), (70 bytes).
    Removing filteringfunctions.o(i.arm_fir_interpolate_init_q31), (70 bytes).
    Removing filteringfunctions.o(i.arm_fir_interpolate_q15), (254 bytes).
    Removing filteringfunctions.o(i.arm_fir_interpolate_q31), (250 bytes).
    Removing filteringfunctions.o(i.arm_fir_lattice_f32), (180 bytes).
    Removing filteringfunctions.o(i.arm_fir_lattice_init_f32), (30 bytes).
    Removing filteringfunctions.o(i.arm_fir_lattice_init_q15), (30 bytes).
    Removing filteringfunctions.o(i.arm_fir_lattice_init_q31), (30 bytes).
    Removing filteringfunctions.o(i.arm_fir_lattice_q15), (188 bytes).
    Removing filteringfunctions.o(i.arm_fir_lattice_q31), (166 bytes).
    Removing filteringfunctions.o(i.arm_fir_q15), (200 bytes).
    Removing filteringfunctions.o(i.arm_fir_q31), (188 bytes).
    Removing filteringfunctions.o(i.arm_fir_q7), (146 bytes).
    Removing filteringfunctions.o(i.arm_fir_sparse_f32), (884 bytes).
    Removing filteringfunctions.o(i.arm_fir_sparse_init_f32), (54 bytes).
    Removing filteringfunctions.o(i.arm_fir_sparse_init_q15), (54 bytes).
    Removing filteringfunctions.o(i.arm_fir_sparse_init_q31), (54 bytes).
    Removing filteringfunctions.o(i.arm_fir_sparse_init_q7), (52 bytes).
    Removing filteringfunctions.o(i.arm_fir_sparse_q15), (950 bytes).
    Removing filteringfunctions.o(i.arm_fir_sparse_q31), (972 bytes).
    Removing filteringfunctions.o(i.arm_fir_sparse_q7), (952 bytes).
    Removing filteringfunctions.o(i.arm_iir_lattice_f32), (184 bytes).
    Removing filteringfunctions.o(i.arm_iir_lattice_init_f32), (42 bytes).
    Removing filteringfunctions.o(i.arm_iir_lattice_init_q15), (42 bytes).
    Removing filteringfunctions.o(i.arm_iir_lattice_init_q31), (42 bytes).
    Removing filteringfunctions.o(i.arm_iir_lattice_q15), (448 bytes).
    Removing filteringfunctions.o(i.arm_iir_lattice_q31), (434 bytes).
    Removing filteringfunctions.o(i.arm_lms_f32), (228 bytes).
    Removing filteringfunctions.o(i.arm_lms_init_f32), (56 bytes).
    Removing filteringfunctions.o(i.arm_lms_init_q15), (52 bytes).
    Removing filteringfunctions.o(i.arm_lms_init_q31), (52 bytes).
    Removing filteringfunctions.o(i.arm_lms_norm_f32), (304 bytes).
    Removing filteringfunctions.o(i.arm_lms_norm_init_f32), (76 bytes).
    Removing filteringfunctions.o(i.arm_lms_norm_init_q15), (68 bytes).
    Removing filteringfunctions.o(i.arm_lms_norm_init_q31), (68 bytes).
    Removing filteringfunctions.o(i.arm_lms_norm_q15), (616 bytes).
    Removing filteringfunctions.o(i.arm_lms_norm_q31), (646 bytes).
    Removing filteringfunctions.o(i.arm_lms_q15), (380 bytes).
    Removing filteringfunctions.o(i.arm_lms_q31), (302 bytes).
    Removing matrixfunctions.o(.rev16_text), (4 bytes).
    Removing matrixfunctions.o(.revsh_text), (4 bytes).
    Removing matrixfunctions.o(.rrx_text), (6 bytes).
    Removing matrixfunctions.o(i.arm_mat_add_f32), (56 bytes).
    Removing matrixfunctions.o(i.arm_mat_add_q15), (60 bytes).
    Removing matrixfunctions.o(i.arm_mat_add_q31), (56 bytes).
    Removing matrixfunctions.o(i.arm_mat_cmplx_mult_f32), (224 bytes).
    Removing matrixfunctions.o(i.arm_mat_cmplx_mult_q15), (516 bytes).
    Removing matrixfunctions.o(i.arm_mat_cmplx_mult_q31), (314 bytes).
    Removing matrixfunctions.o(i.arm_mat_init_f32), (8 bytes).
    Removing matrixfunctions.o(i.arm_mat_init_q15), (8 bytes).
    Removing matrixfunctions.o(i.arm_mat_init_q31), (8 bytes).
    Removing matrixfunctions.o(i.arm_mat_inverse_f32), (624 bytes).
    Removing matrixfunctions.o(i.arm_mat_inverse_f64), (868 bytes).
    Removing matrixfunctions.o(i.arm_mat_mult_f32), (188 bytes).
    Removing matrixfunctions.o(i.arm_mat_mult_fast_q15), (1112 bytes).
    Removing matrixfunctions.o(i.arm_mat_mult_fast_q31), (574 bytes).
    Removing matrixfunctions.o(i.arm_mat_mult_q15), (542 bytes).
    Removing matrixfunctions.o(i.arm_mat_mult_q31), (172 bytes).
    Removing matrixfunctions.o(i.arm_mat_scale_f32), (44 bytes).
    Removing matrixfunctions.o(i.arm_mat_scale_q15), (62 bytes).
    Removing matrixfunctions.o(i.arm_mat_scale_q31), (80 bytes).
    Removing matrixfunctions.o(i.arm_mat_sub_f32), (56 bytes).
    Removing matrixfunctions.o(i.arm_mat_sub_q15), (60 bytes).
    Removing matrixfunctions.o(i.arm_mat_sub_q31), (56 bytes).
    Removing matrixfunctions.o(i.arm_mat_trans_f32), (68 bytes).
    Removing matrixfunctions.o(i.arm_mat_trans_q15), (70 bytes).
    Removing matrixfunctions.o(i.arm_mat_trans_q31), (68 bytes).
    Removing svmfunctions.o(.rev16_text), (4 bytes).
    Removing svmfunctions.o(.revsh_text), (4 bytes).
    Removing svmfunctions.o(.rrx_text), (6 bytes).
    Removing svmfunctions.o(i.arm_svm_linear_init_f32), (22 bytes).
    Removing svmfunctions.o(i.arm_svm_linear_predict_f32), (132 bytes).
    Removing svmfunctions.o(i.arm_svm_polynomial_init_f32), (32 bytes).
    Removing svmfunctions.o(i.arm_svm_polynomial_predict_f32), (172 bytes).
    Removing svmfunctions.o(i.arm_svm_rbf_init_f32), (26 bytes).
    Removing svmfunctions.o(i.arm_svm_rbf_predict_f32), (196 bytes).
    Removing svmfunctions.o(i.arm_svm_sigmoid_init_f32), (30 bytes).
    Removing svmfunctions.o(i.arm_svm_sigmoid_predict_f32), (172 bytes).
    Removing statisticsfunctions.o(.rev16_text), (4 bytes).
    Removing statisticsfunctions.o(.revsh_text), (4 bytes).
    Removing statisticsfunctions.o(.rrx_text), (6 bytes).
    Removing statisticsfunctions.o(i.arm_entropy_f32), (72 bytes).
    Removing statisticsfunctions.o(i.arm_entropy_f64), (116 bytes).
    Removing statisticsfunctions.o(i.arm_kullback_leibler_f32), (88 bytes).
    Removing statisticsfunctions.o(i.arm_kullback_leibler_f64), (144 bytes).
    Removing statisticsfunctions.o(i.arm_logsumexp_dot_prod_f32), (52 bytes).
    Removing statisticsfunctions.o(i.arm_logsumexp_f32), (128 bytes).
    Removing statisticsfunctions.o(i.arm_max_f32), (52 bytes).
    Removing statisticsfunctions.o(i.arm_max_no_idx_f32), (44 bytes).
    Removing statisticsfunctions.o(i.arm_max_q15), (40 bytes).
    Removing statisticsfunctions.o(i.arm_max_q31), (36 bytes).
    Removing statisticsfunctions.o(i.arm_max_q7), (40 bytes).
    Removing statisticsfunctions.o(i.arm_mean_f32), (56 bytes).
    Removing statisticsfunctions.o(i.arm_mean_q15), (30 bytes).
    Removing statisticsfunctions.o(i.arm_mean_q31), (56 bytes).
    Removing statisticsfunctions.o(i.arm_mean_q7), (30 bytes).
    Removing statisticsfunctions.o(i.arm_min_f32), (52 bytes).
    Removing statisticsfunctions.o(i.arm_min_q15), (40 bytes).
    Removing statisticsfunctions.o(i.arm_min_q31), (36 bytes).
    Removing statisticsfunctions.o(i.arm_min_q7), (40 bytes).
    Removing statisticsfunctions.o(i.arm_power_f32), (48 bytes).
    Removing statisticsfunctions.o(i.arm_power_q15), (50 bytes).
    Removing statisticsfunctions.o(i.arm_power_q31), (54 bytes).
    Removing statisticsfunctions.o(i.arm_power_q7), (28 bytes).
    Removing statisticsfunctions.o(i.arm_rms_f32), (84 bytes).
    Removing statisticsfunctions.o(i.arm_rms_q15), (78 bytes).
    Removing statisticsfunctions.o(i.arm_rms_q31), (96 bytes).
    Removing statisticsfunctions.o(i.arm_std_f32), (60 bytes).
    Removing statisticsfunctions.o(i.arm_std_q15), (128 bytes).
    Removing statisticsfunctions.o(i.arm_std_q31), (168 bytes).
    Removing statisticsfunctions.o(i.arm_var_f32), (136 bytes).
    Removing statisticsfunctions.o(i.arm_var_q15), (152 bytes).
    Removing statisticsfunctions.o(i.arm_var_q31), (166 bytes).
    Removing supportfunctions.o(.rev16_text), (4 bytes).
    Removing supportfunctions.o(.revsh_text), (4 bytes).
    Removing supportfunctions.o(.rrx_text), (6 bytes).
    Removing supportfunctions.o(i.arm_barycenter_f32), (136 bytes).
    Removing supportfunctions.o(i.arm_bitonic_sort_core_f32), (170 bytes).
    Removing supportfunctions.o(i.arm_bitonic_sort_f32), (92 bytes).
    Removing supportfunctions.o(i.arm_bubble_sort_f32), (156 bytes).
    Removing supportfunctions.o(i.arm_copy_f32), (22 bytes).
    Removing supportfunctions.o(i.arm_copy_q15), (22 bytes).
    Removing supportfunctions.o(i.arm_copy_q31), (18 bytes).
    Removing supportfunctions.o(i.arm_copy_q7), (22 bytes).
    Removing supportfunctions.o(i.arm_fill_f32), (16 bytes).
    Removing supportfunctions.o(i.arm_fill_q15), (18 bytes).
    Removing supportfunctions.o(i.arm_fill_q31), (16 bytes).
    Removing supportfunctions.o(i.arm_fill_q7), (18 bytes).
    Removing supportfunctions.o(i.arm_float_to_q15), (48 bytes).
    Removing supportfunctions.o(i.arm_float_to_q31), (80 bytes).
    Removing supportfunctions.o(i.arm_float_to_q7), (48 bytes).
    Removing supportfunctions.o(i.arm_heap_sort_f32), (120 bytes).
    Removing supportfunctions.o(i.arm_heapify), (170 bytes).
    Removing supportfunctions.o(i.arm_insertion_sort_f32), (142 bytes).
    Removing supportfunctions.o(i.arm_merge_sort_core_f32), (76 bytes).
    Removing supportfunctions.o(i.arm_merge_sort_f32), (62 bytes).
    Removing supportfunctions.o(i.arm_merge_sort_init_f32), (6 bytes).
    Removing supportfunctions.o(i.arm_q15_to_float), (44 bytes).
    Removing supportfunctions.o(i.arm_q15_to_q31), (24 bytes).
    Removing supportfunctions.o(i.arm_q15_to_q7), (26 bytes).
    Removing supportfunctions.o(i.arm_q31_to_float), (40 bytes).
    Removing supportfunctions.o(i.arm_q31_to_q15), (24 bytes).
    Removing supportfunctions.o(i.arm_q31_to_q7), (24 bytes).
    Removing supportfunctions.o(i.arm_q7_to_float), (44 bytes).
    Removing supportfunctions.o(i.arm_q7_to_q15), (26 bytes).
    Removing supportfunctions.o(i.arm_q7_to_q31), (24 bytes).
    Removing supportfunctions.o(i.arm_quick_sort_core_f32), (60 bytes).
    Removing supportfunctions.o(i.arm_quick_sort_f32), (50 bytes).
    Removing supportfunctions.o(i.arm_quick_sort_partition_f32), (168 bytes).
    Removing supportfunctions.o(i.arm_selection_sort_f32), (162 bytes).
    Removing supportfunctions.o(i.arm_sort_f32), (118 bytes).
    Removing supportfunctions.o(i.arm_sort_init_f32), (6 bytes).
    Removing supportfunctions.o(i.arm_spline_f32), (424 bytes).
    Removing supportfunctions.o(i.arm_spline_init_f32), (556 bytes).
    Removing supportfunctions.o(i.arm_weighted_sum_f32), (76 bytes).
    Removing supportfunctions.o(i.topDownMerge), (118 bytes).
    Removing transformfunctions.o(.rev16_text), (4 bytes).
    Removing transformfunctions.o(.revsh_text), (4 bytes).
    Removing transformfunctions.o(.rrx_text), (6 bytes).
    Removing transformfunctions.o(i.arm_bitreversal_16), (74 bytes).
    Removing transformfunctions.o(i.arm_bitreversal_32), (72 bytes).
    Removing transformfunctions.o(i.arm_bitreversal_64), (176 bytes).
    Removing transformfunctions.o(i.arm_bitreversal_f32), (430 bytes).
    Removing transformfunctions.o(i.arm_bitreversal_q15), (134 bytes).
    Removing transformfunctions.o(i.arm_bitreversal_q31), (356 bytes).
    Removing transformfunctions.o(i.arm_cfft_f32), (240 bytes).
    Removing transformfunctions.o(i.arm_cfft_f64), (308 bytes).
    Removing transformfunctions.o(i.arm_cfft_init_f32), (288 bytes).
    Removing transformfunctions.o(i.arm_cfft_init_f64), (288 bytes).
    Removing transformfunctions.o(i.arm_cfft_init_q15), (288 bytes).
    Removing transformfunctions.o(i.arm_cfft_init_q31), (288 bytes).
    Removing transformfunctions.o(i.arm_cfft_q15), (226 bytes).
    Removing transformfunctions.o(i.arm_cfft_q31), (226 bytes).
    Removing transformfunctions.o(i.arm_cfft_radix2_f32), (66 bytes).
    Removing transformfunctions.o(i.arm_cfft_radix2_init_f32), (324 bytes).
    Removing transformfunctions.o(i.arm_cfft_radix2_init_q15), (216 bytes).
    Removing transformfunctions.o(i.arm_cfft_radix2_init_q31), (216 bytes).
    Removing transformfunctions.o(i.arm_cfft_radix2_q15), (52 bytes).
    Removing transformfunctions.o(i.arm_cfft_radix2_q31), (52 bytes).
    Removing transformfunctions.o(i.arm_cfft_radix4_f32), (66 bytes).
    Removing transformfunctions.o(i.arm_cfft_radix4_init_f32), (200 bytes).
    Removing transformfunctions.o(i.arm_cfft_radix4_init_q15), (140 bytes).
    Removing transformfunctions.o(i.arm_cfft_radix4_init_q31), (140 bytes).
    Removing transformfunctions.o(i.arm_cfft_radix4_q15), (58 bytes).
    Removing transformfunctions.o(i.arm_cfft_radix4_q31), (58 bytes).
    Removing transformfunctions.o(i.arm_cfft_radix4by2_f64), (452 bytes).
    Removing transformfunctions.o(i.arm_cfft_radix4by2_inverse_q15), (340 bytes).
    Removing transformfunctions.o(i.arm_cfft_radix4by2_inverse_q31), (374 bytes).
    Removing transformfunctions.o(i.arm_cfft_radix4by2_q15), (340 bytes).
    Removing transformfunctions.o(i.arm_cfft_radix4by2_q31), (376 bytes).
    Removing transformfunctions.o(i.arm_cfft_radix8by2_f32), (778 bytes).
    Removing transformfunctions.o(i.arm_cfft_radix8by4_f32), (1970 bytes).
    Removing transformfunctions.o(i.arm_dct4_f32), (254 bytes).
    Removing transformfunctions.o(i.arm_dct4_init_f32), (164 bytes).
    Removing transformfunctions.o(i.arm_dct4_init_q15), (156 bytes).
    Removing transformfunctions.o(i.arm_dct4_init_q31), (156 bytes).
    Removing transformfunctions.o(i.arm_dct4_q15), (244 bytes).
    Removing transformfunctions.o(i.arm_dct4_q31), (226 bytes).
    Removing transformfunctions.o(i.arm_radix2_butterfly_f32), (772 bytes).
    Removing transformfunctions.o(i.arm_radix2_butterfly_inverse_f32), (802 bytes).
    Removing transformfunctions.o(i.arm_radix2_butterfly_inverse_q15), (1492 bytes).
    Removing transformfunctions.o(i.arm_radix2_butterfly_inverse_q31), (1076 bytes).
    Removing transformfunctions.o(i.arm_radix2_butterfly_q15), (1628 bytes).
    Removing transformfunctions.o(i.arm_radix2_butterfly_q31), (1102 bytes).
    Removing transformfunctions.o(i.arm_radix4_butterfly_f32), (666 bytes).
    Removing transformfunctions.o(i.arm_radix4_butterfly_f64), (1202 bytes).
    Removing transformfunctions.o(i.arm_radix4_butterfly_inverse_f32), (1140 bytes).
    Removing transformfunctions.o(i.arm_radix4_butterfly_inverse_q15), (1760 bytes).
    Removing transformfunctions.o(i.arm_radix4_butterfly_inverse_q31), (1912 bytes).
    Removing transformfunctions.o(i.arm_radix4_butterfly_q15), (1760 bytes).
    Removing transformfunctions.o(i.arm_radix4_butterfly_q31), (1912 bytes).
    Removing transformfunctions.o(i.arm_radix8_butterfly_f32), (2824 bytes).
    Removing transformfunctions.o(i.arm_rfft_1024_fast_init_f32), (48 bytes).
    Removing transformfunctions.o(i.arm_rfft_1024_fast_init_f64), (56 bytes).
    Removing transformfunctions.o(i.arm_rfft_128_fast_init_f32), (44 bytes).
    Removing transformfunctions.o(i.arm_rfft_128_fast_init_f64), (52 bytes).
    Removing transformfunctions.o(i.arm_rfft_2048_fast_init_f32), (48 bytes).
    Removing transformfunctions.o(i.arm_rfft_2048_fast_init_f64), (56 bytes).
    Removing transformfunctions.o(i.arm_rfft_256_fast_init_f32), (48 bytes).
    Removing transformfunctions.o(i.arm_rfft_256_fast_init_f64), (52 bytes).
    Removing transformfunctions.o(i.arm_rfft_32_fast_init_f32), (44 bytes).
    Removing transformfunctions.o(i.arm_rfft_32_fast_init_f64), (52 bytes).
    Removing transformfunctions.o(i.arm_rfft_4096_fast_init_f32), (48 bytes).
    Removing transformfunctions.o(i.arm_rfft_4096_fast_init_f64), (56 bytes).
    Removing transformfunctions.o(i.arm_rfft_512_fast_init_f32), (48 bytes).
    Removing transformfunctions.o(i.arm_rfft_512_fast_init_f64), (56 bytes).
    Removing transformfunctions.o(i.arm_rfft_64_fast_init_f32), (44 bytes).
    Removing transformfunctions.o(i.arm_rfft_64_fast_init_f64), (52 bytes).
    Removing transformfunctions.o(i.arm_rfft_f32), (124 bytes).
    Removing transformfunctions.o(i.arm_rfft_fast_f32), (66 bytes).
    Removing transformfunctions.o(i.arm_rfft_fast_f64), (76 bytes).
    Removing transformfunctions.o(i.arm_rfft_fast_init_f32), (140 bytes).
    Removing transformfunctions.o(i.arm_rfft_fast_init_f64), (140 bytes).
    Removing transformfunctions.o(i.arm_rfft_init_f32), (148 bytes).
    Removing transformfunctions.o(i.arm_rfft_init_q15), (224 bytes).
    Removing transformfunctions.o(i.arm_rfft_init_q31), (224 bytes).
    Removing transformfunctions.o(i.arm_rfft_q15), (116 bytes).
    Removing transformfunctions.o(i.arm_rfft_q31), (114 bytes).
    Removing transformfunctions.o(i.arm_split_rfft_f32), (312 bytes).
    Removing transformfunctions.o(i.arm_split_rfft_q15), (430 bytes).
    Removing transformfunctions.o(i.arm_split_rfft_q31), (518 bytes).
    Removing transformfunctions.o(i.arm_split_rifft_f32), (200 bytes).
    Removing transformfunctions.o(i.arm_split_rifft_q15), (278 bytes).
    Removing transformfunctions.o(i.arm_split_rifft_q31), (318 bytes).
    Removing transformfunctions.o(i.merge_rfft_f32), (188 bytes).
    Removing transformfunctions.o(i.merge_rfft_f64), (536 bytes).
    Removing transformfunctions.o(i.stage_rfft_f32), (258 bytes).
    Removing transformfunctions.o(i.stage_rfft_f64), (612 bytes).
    Removing startup_stm32f746xx.o(HEAP), (512 bytes).
    Removing system_stm32f7xx.o(.rev16_text), (4 bytes).
    Removing system_stm32f7xx.o(.revsh_text), (4 bytes).
    Removing system_stm32f7xx.o(.rrx_text), (6 bytes).
    Removing dneg.o(.text), (6 bytes).
    Removing dfltui.o(.text), (26 bytes).
    Removing ffixl.o(.text), (66 bytes).
    Removing cdcmple.o(.text), (48 bytes).
    Removing fpstat.o(.text), (4 bytes).
    Removing main.o(.ARM.exidx), (8 bytes).
    Removing main.o(.ARM.exidx), (8 bytes).

472 unused section(s) (total 1024334 bytes) removed from the image.

==============================================================================

Image Symbol Table

    Local Symbols

    Symbol Name                              Value     Ov Type        Size  Object(Section)

    ../clib/microlib/division.c              0x00000000   Number         0  uldiv.o ABSOLUTE
    ../clib/microlib/division.c              0x00000000   Number         0  ldiv.o ABSOLUTE
    ../clib/microlib/errno.c                 0x00000000   Number         0  errno.o ABSOLUTE
    ../clib/microlib/init/entry.s            0x00000000   Number         0  entry11b.o ABSOLUTE
    ../clib/microlib/init/entry.s            0x00000000   Number         0  entry11a.o ABSOLUTE
    ../clib/microlib/init/entry.s            0x00000000   Number         0  entry8b.o ABSOLUTE
    ../clib/microlib/init/entry.s            0x00000000   Number         0  entry8a.o ABSOLUTE
    ../clib/microlib/init/entry.s            0x00000000   Number         0  entry7b.o ABSOLUTE
    ../clib/microlib/init/entry.s            0x00000000   Number         0  entry7a.o ABSOLUTE
    ../clib/microlib/init/entry.s            0x00000000   Number         0  entry5.o ABSOLUTE
    ../clib/microlib/init/entry.s            0x00000000   Number         0  entry2.o ABSOLUTE
    ../clib/microlib/init/entry.s            0x00000000   Number         0  entry10a.o ABSOLUTE
    ../clib/microlib/init/entry.s            0x00000000   Number         0  entry9a.o ABSOLUTE
    ../clib/microlib/init/entry.s            0x00000000   Number         0  entry.o ABSOLUTE
    ../clib/microlib/init/entry.s            0x00000000   Number         0  entry10b.o ABSOLUTE
    ../clib/microlib/init/entry.s            0x00000000   Number         0  entry9b.o ABSOLUTE
    ../clib/microlib/longlong.c              0x00000000   Number         0  llshl.o ABSOLUTE
    ../clib/microlib/longlong.c              0x00000000   Number         0  llsshr.o ABSOLUTE
    ../clib/microlib/longlong.c              0x00000000   Number         0  llushr.o ABSOLUTE
    ../clib/microlib/string/memcpy.c         0x00000000   Number         0  memcpya.o ABSOLUTE
    ../clib/microlib/string/memcpy.c         0x00000000   Number         0  memcpyb.o ABSOLUTE
    ../clib/microlib/string/memset.c         0x00000000   Number         0  memseta.o ABSOLUTE
    ../clib/microlib/stubs.s                 0x00000000   Number         0  iusefp.o ABSOLUTE
    ../fplib/microlib/d2f.c                  0x00000000   Number         0  d2f.o ABSOLUTE
    ../fplib/microlib/f2d.c                  0x00000000   Number         0  f2d.o ABSOLUTE
    ../fplib/microlib/fpadd.c                0x00000000   Number         0  dadd.o ABSOLUTE
    ../fplib/microlib/fpdiv.c                0x00000000   Number         0  ddiv.o ABSOLUTE
    ../fplib/microlib/fpepilogue.c           0x00000000   Number         0  fepilogue.o ABSOLUTE
    ../fplib/microlib/fpepilogue.c           0x00000000   Number         0  depilogue.o ABSOLUTE
    ../fplib/microlib/fpfix.c                0x00000000   Number         0  dfixui.o ABSOLUTE
    ../fplib/microlib/fpfix.c                0x00000000   Number         0  ffixl.o ABSOLUTE
    ../fplib/microlib/fpflt.c                0x00000000   Number         0  dfltui.o ABSOLUTE
    ../fplib/microlib/fpflt.c                0x00000000   Number         0  dflti.o ABSOLUTE
    ../fplib/microlib/fpmul.c                0x00000000   Number         0  dmul.o ABSOLUTE
    ../fplib/microlib/fpneg.c                0x00000000   Number         0  dneg.o ABSOLUTE
    ../fplib/microlib/fpstat.c               0x00000000   Number         0  fpstat.o ABSOLUTE
    ../mathlib/dunder.c                      0x00000000   Number         0  dunder.o ABSOLUTE
    ../mathlib/expf.c                        0x00000000   Number         0  expf_x.o ABSOLUTE
    ../mathlib/expf.c                        0x00000000   Number         0  expf.o ABSOLUTE
    ../mathlib/fabs.c                        0x00000000   Number         0  fabs.o ABSOLUTE
    ../mathlib/fpclassifyf.c                 0x00000000   Number         0  fpclassifyf.o ABSOLUTE
    ../mathlib/funder.c                      0x00000000   Number         0  funder.o ABSOLUTE
    ../mathlib/log.c                         0x00000000   Number         0  log_x.o ABSOLUTE
    ../mathlib/log.c                         0x00000000   Number         0  log.o ABSOLUTE
    ../mathlib/logf.c                        0x00000000   Number         0  logf.o ABSOLUTE
    ../mathlib/logf.c                        0x00000000   Number         0  logf_x.o ABSOLUTE
    ../mathlib/poly.c                        0x00000000   Number         0  poly.o ABSOLUTE
    ../mathlib/powf.c                        0x00000000   Number         0  powf.o ABSOLUTE
    ../mathlib/powf.c                        0x00000000   Number         0  powf_x.o ABSOLUTE
    ../mathlib/qnan.c                        0x00000000   Number         0  qnan.o ABSOLUTE
    ../mathlib/tanhf.c                       0x00000000   Number         0  tanhf.o ABSOLUTE
    ../mathlib/tanhf.c                       0x00000000   Number         0  tanhf_x.o ABSOLUTE
    C:\Users\lenovo\AppData\Local\Arm\Packs\ARM\CMSIS\5.7.0\CMSIS\DSP\Source\BasicMathFunctions\BasicMathFunctions.c 0x00000000   Number         0  basicmathfunctions.o ABSOLUTE
    C:\Users\lenovo\AppData\Local\Arm\Packs\ARM\CMSIS\5.7.0\CMSIS\DSP\Source\BayesFunctions\BayesFunctions.c 0x00000000   Number         0  bayesfunctions.o ABSOLUTE
    C:\Users\lenovo\AppData\Local\Arm\Packs\ARM\CMSIS\5.7.0\CMSIS\DSP\Source\CommonTables\CommonTables.c 0x00000000   Number         0  commontables.o ABSOLUTE
    C:\Users\lenovo\AppData\Local\Arm\Packs\ARM\CMSIS\5.7.0\CMSIS\DSP\Source\ComplexMathFunctions\ComplexMathFunctions.c 0x00000000   Number         0  complexmathfunctions.o ABSOLUTE
    C:\Users\lenovo\AppData\Local\Arm\Packs\ARM\CMSIS\5.7.0\CMSIS\DSP\Source\ControllerFunctions\ControllerFunctions.c 0x00000000   Number         0  controllerfunctions.o ABSOLUTE
    C:\Users\lenovo\AppData\Local\Arm\Packs\ARM\CMSIS\5.7.0\CMSIS\DSP\Source\DistanceFunctions\DistanceFunctions.c 0x00000000   Number         0  distancefunctions.o ABSOLUTE
    C:\Users\lenovo\AppData\Local\Arm\Packs\ARM\CMSIS\5.7.0\CMSIS\DSP\Source\FastMathFunctions\FastMathFunctions.c 0x00000000   Number         0  fastmathfunctions.o ABSOLUTE
    C:\Users\lenovo\AppData\Local\Arm\Packs\ARM\CMSIS\5.7.0\CMSIS\DSP\Source\FilteringFunctions\FilteringFunctions.c 0x00000000   Number         0  filteringfunctions.o ABSOLUTE
    C:\Users\lenovo\AppData\Local\Arm\Packs\ARM\CMSIS\5.7.0\CMSIS\DSP\Source\MatrixFunctions\MatrixFunctions.c 0x00000000   Number         0  matrixfunctions.o ABSOLUTE
    C:\Users\lenovo\AppData\Local\Arm\Packs\ARM\CMSIS\5.7.0\CMSIS\DSP\Source\SVMFunctions\SVMFunctions.c 0x00000000   Number         0  svmfunctions.o ABSOLUTE
    C:\Users\lenovo\AppData\Local\Arm\Packs\ARM\CMSIS\5.7.0\CMSIS\DSP\Source\StatisticsFunctions\StatisticsFunctions.c 0x00000000   Number         0  statisticsfunctions.o ABSOLUTE
    C:\Users\lenovo\AppData\Local\Arm\Packs\ARM\CMSIS\5.7.0\CMSIS\DSP\Source\SupportFunctions\SupportFunctions.c 0x00000000   Number         0  supportfunctions.o ABSOLUTE
    C:\Users\lenovo\AppData\Local\Arm\Packs\ARM\CMSIS\5.7.0\CMSIS\DSP\Source\TransformFunctions\TransformFunctions.c 0x00000000   Number         0  transformfunctions.o ABSOLUTE
    C:\\Users\\lenovo\\AppData\\Local\\Arm\\Packs\\ARM\\CMSIS\\5.7.0\\CMSIS\\DSP\\Source\\BasicMathFunctions\\BasicMathFunctions.c 0x00000000   Number         0  basicmathfunctions.o ABSOLUTE
    C:\\Users\\lenovo\\AppData\\Local\\Arm\\Packs\\ARM\\CMSIS\\5.7.0\\CMSIS\\DSP\\Source\\BayesFunctions\\BayesFunctions.c 0x00000000   Number         0  bayesfunctions.o ABSOLUTE
    C:\\Users\\lenovo\\AppData\\Local\\Arm\\Packs\\ARM\\CMSIS\\5.7.0\\CMSIS\\DSP\\Source\\CommonTables\\CommonTables.c 0x00000000   Number         0  commontables.o ABSOLUTE
    C:\\Users\\lenovo\\AppData\\Local\\Arm\\Packs\\ARM\\CMSIS\\5.7.0\\CMSIS\\DSP\\Source\\ComplexMathFunctions\\ComplexMathFunctions.c 0x00000000   Number         0  complexmathfunctions.o ABSOLUTE
    C:\\Users\\lenovo\\AppData\\Local\\Arm\\Packs\\ARM\\CMSIS\\5.7.0\\CMSIS\\DSP\\Source\\ControllerFunctions\\ControllerFunctions.c 0x00000000   Number         0  controllerfunctions.o ABSOLUTE
    C:\\Users\\lenovo\\AppData\\Local\\Arm\\Packs\\ARM\\CMSIS\\5.7.0\\CMSIS\\DSP\\Source\\DistanceFunctions\\DistanceFunctions.c 0x00000000   Number         0  distancefunctions.o ABSOLUTE
    C:\\Users\\lenovo\\AppData\\Local\\Arm\\Packs\\ARM\\CMSIS\\5.7.0\\CMSIS\\DSP\\Source\\FastMathFunctions\\FastMathFunctions.c 0x00000000   Number         0  fastmathfunctions.o ABSOLUTE
    C:\\Users\\lenovo\\AppData\\Local\\Arm\\Packs\\ARM\\CMSIS\\5.7.0\\CMSIS\\DSP\\Source\\FilteringFunctions\\FilteringFunctions.c 0x00000000   Number         0  filteringfunctions.o ABSOLUTE
    C:\\Users\\lenovo\\AppData\\Local\\Arm\\Packs\\ARM\\CMSIS\\5.7.0\\CMSIS\\DSP\\Source\\MatrixFunctions\\MatrixFunctions.c 0x00000000   Number         0  matrixfunctions.o ABSOLUTE
    C:\\Users\\lenovo\\AppData\\Local\\Arm\\Packs\\ARM\\CMSIS\\5.7.0\\CMSIS\\DSP\\Source\\SVMFunctions\\SVMFunctions.c 0x00000000   Number         0  svmfunctions.o ABSOLUTE
    C:\\Users\\lenovo\\AppData\\Local\\Arm\\Packs\\ARM\\CMSIS\\5.7.0\\CMSIS\\DSP\\Source\\StatisticsFunctions\\StatisticsFunctions.c 0x00000000   Number         0  statisticsfunctions.o ABSOLUTE
    C:\\Users\\lenovo\\AppData\\Local\\Arm\\Packs\\ARM\\CMSIS\\5.7.0\\CMSIS\\DSP\\Source\\SupportFunctions\\SupportFunctions.c 0x00000000   Number         0  supportfunctions.o ABSOLUTE
    C:\\Users\\lenovo\\AppData\\Local\\Arm\\Packs\\ARM\\CMSIS\\5.7.0\\CMSIS\\DSP\\Source\\TransformFunctions\\TransformFunctions.c 0x00000000   Number         0  transformfunctions.o ABSOLUTE
    RTE\Device\STM32F746ZGTx\startup_stm32f746xx.s 0x00000000   Number         0  startup_stm32f746xx.o ABSOLUTE
    RTE\Device\STM32F746ZGTx\system_stm32f7xx.c 0x00000000   Number         0  system_stm32f7xx.o ABSOLUTE
    RTE\\Device\\STM32F746ZGTx\\system_stm32f7xx.c 0x00000000   Number         0  system_stm32f7xx.o ABSOLUTE
    cdcmple.s                                0x00000000   Number         0  cdcmple.o ABSOLUTE
    dc.s                                     0x00000000   Number         0  dc.o ABSOLUTE
    handlers.s                               0x00000000   Number         0  handlers.o ABSOLUTE
    init.s                                   0x00000000   Number         0  init.o ABSOLUTE
    main.cpp                                 0x00000000   Number         0  main.o ABSOLUTE
    main.cpp                                 0x00000000   Number         0  main.o ABSOLUTE
    RESET                                    0x08000000   Section      456  startup_stm32f746xx.o(RESET)
    .ARM.Collect$$$$00000000                 0x080001c8   Section        0  entry.o(.ARM.Collect$$$$00000000)
    .ARM.Collect$$$$00000001                 0x080001c8   Section        4  entry2.o(.ARM.Collect$$$$00000001)
    .ARM.Collect$$$$00000004                 0x080001cc   Section        4  entry5.o(.ARM.Collect$$$$00000004)
    .ARM.Collect$$$$00000008                 0x080001d0   Section        0  entry7b.o(.ARM.Collect$$$$00000008)
    .ARM.Collect$$$$0000000A                 0x080001d0   Section        0  entry8b.o(.ARM.Collect$$$$0000000A)
    .ARM.Collect$$$$0000000B                 0x080001d0   Section        8  entry9a.o(.ARM.Collect$$$$0000000B)
    .ARM.Collect$$$$0000000D                 0x080001d8   Section        0  entry10a.o(.ARM.Collect$$$$0000000D)
    .ARM.Collect$$$$0000000F                 0x080001d8   Section        0  entry11a.o(.ARM.Collect$$$$0000000F)
    .ARM.Collect$$$$00002712                 0x080001d8   Section        4  entry2.o(.ARM.Collect$$$$00002712)
    __lit__00000000                          0x080001d8   Data           4  entry2.o(.ARM.Collect$$$$00002712)
    .text                                    0x080001dc   Section       36  startup_stm32f746xx.o(.text)
    $v0                                      0x080001dc   Number         0  startup_stm32f746xx.o(.text)
    .text                                    0x08000200   Section        0  llshl.o(.text)
    .text                                    0x0800021e   Section        0  llsshr.o(.text)
    .text                                    0x08000242   Section        0  dadd.o(.text)
    .text                                    0x08000390   Section        0  dmul.o(.text)
    .text                                    0x08000474   Section        0  ddiv.o(.text)
    .text                                    0x08000552   Section        0  dflti.o(.text)
    .text                                    0x08000574   Section        0  dfixui.o(.text)
    .text                                    0x080005a6   Section        0  f2d.o(.text)
    .text                                    0x080005cc   Section        0  d2f.o(.text)
    .text                                    0x08000604   Section        0  llushr.o(.text)
    .text                                    0x08000624   Section        0  fepilogue.o(.text)
    .text                                    0x08000624   Section        0  iusefp.o(.text)
    .text                                    0x08000692   Section        0  depilogue.o(.text)
    .text                                    0x0800074c   Section       36  init.o(.text)
    i.ADC_IRQHandler                         0x08000770   Section        0  main.o(i.ADC_IRQHandler)
    i.EXTI0_IRQHandler                       0x08000794   Section        0  main.o(i.EXTI0_IRQHandler)
    i.EXTI15_10_IRQHandler                   0x080007d0   Section        0  main.o(i.EXTI15_10_IRQHandler)
    i.EXTI1_IRQHandler                       0x0800080c   Section        0  main.o(i.EXTI1_IRQHandler)
    i.EXTI2_IRQHandler                       0x08000848   Section        0  main.o(i.EXTI2_IRQHandler)
    i.EXTI3_IRQHandler                       0x08000884   Section        0  main.o(i.EXTI3_IRQHandler)
    i.EXTI4_IRQHandler                       0x080008a8   Section        0  main.o(i.EXTI4_IRQHandler)
    i.EXTI9_5_IRQHandler                     0x080008cc   Section        0  main.o(i.EXTI9_5_IRQHandler)
    i.SysTick_Handler                        0x080008f0   Section        0  main.o(i.SysTick_Handler)
    i.SystemCoreClockUpdate                  0x080008f4   Section        0  system_stm32f7xx.o(i.SystemCoreClockUpdate)
    i.SystemInit                             0x080009b4   Section        0  system_stm32f7xx.o(i.SystemInit)
    i.TIM3_IRQHandler                        0x08000a18   Section        0  main.o(i.TIM3_IRQHandler)
    i.TIM4_IRQHandler                        0x08000a38   Section        0  main.o(i.TIM4_IRQHandler)
    i.UART4_IRQHandler                       0x08000a4c   Section        0  main.o(i.UART4_IRQHandler)
    i._Z12enviarMatlabv                      0x08000c9c   Section        0  main.o(i._Z12enviarMatlabv)
    i._Z16__NVIC_EnableIRQ9IRQn_Type         0x08000d8c   Section        0  main.o(i._Z16__NVIC_EnableIRQ9IRQn_Type)
    __NVIC_EnableIRQ(IRQn_Type)              0x08000d8d   Thumb Code    34  main.o(i._Z16__NVIC_EnableIRQ9IRQn_Type)
    i._Z8conv_adcv                           0x08000db0   Section        0  main.o(i._Z8conv_adcv)
    i._ZSt3absd                              0x08000dfc   Section        0  main.o(i._ZSt3absd)
    i._ZSt3logf                              0x08000e1c   Section        0  main.o(i._ZSt3logf)
    i.__hardfp_fabs                          0x08000e34   Section        0  fabs.o(i.__hardfp_fabs)
    i.__hardfp_logf                          0x08000e48   Section        0  logf.o(i.__hardfp_logf)
    i.__mathlib_flt_divzero                  0x08000fb4   Section        0  funder.o(i.__mathlib_flt_divzero)
    i.__mathlib_flt_infnan                   0x08000fc8   Section        0  funder.o(i.__mathlib_flt_infnan)
    i.__mathlib_flt_invalid                  0x08000fd0   Section        0  funder.o(i.__mathlib_flt_invalid)
    i.__scatterload_copy                     0x08000fe0   Section       14  handlers.o(i.__scatterload_copy)
    i.__scatterload_null                     0x08000fee   Section        2  handlers.o(i.__scatterload_null)
    i.__scatterload_zeroinit                 0x08000ff0   Section       14  handlers.o(i.__scatterload_zeroinit)
    i.__set_errno                            0x08001000   Section        0  errno.o(i.__set_errno)
    i.main                                   0x0800100c   Section        0  main.o(i.main)
    .constdata                               0x08001c38   Section       24  system_stm32f7xx.o(.constdata)
    .constdata                               0x08001c50   Section       64  logf.o(.constdata)
    logahi                                   0x08001c50   Data          32  logf.o(.constdata)
    logalo                                   0x08001c70   Data          32  logf.o(.constdata)
    .data                                    0x20010000   Section      204  main.o(.data)
    .data                                    0x200100cc   Section        4  system_stm32f7xx.o(.data)
    .data                                    0x200100d0   Section        4  errno.o(.data)
    _errno                                   0x200100d0   Data           4  errno.o(.data)
    STACK                                    0x200100d8   Section     1024  startup_stm32f746xx.o(STACK)

    Global Symbols

    Symbol Name                              Value     Ov Type        Size  Object(Section)

    BuildAttributes$$THM_ISAv4$E$P$D$K$B$S$7EM$VFPi5$EXTD16$VFPS$VFMA$PE$PLD8$A:L22UL41UL21$X:L11$S22US41US21$IEEE1$IW$USESV6$~STKCKD$USESV7$~SHL$OTIME$ROPI$IEEEX$EBA8$MICROLIB$REQ8$PRES8$EABIv2 0x00000000   Number         0  anon$$obj.o ABSOLUTE
    __ARM_use_no_argv                        0x00000000   Number         0  main.o ABSOLUTE
    __cpp_initialize__aeabi_                  - Undefined Weak Reference
    __cxa_finalize                            - Undefined Weak Reference
    __decompress                              - Undefined Weak Reference
    _clock_init                               - Undefined Weak Reference
    _microlib_exit                            - Undefined Weak Reference
    __Vectors_Size                           0x000001c8   Number         0  startup_stm32f746xx.o ABSOLUTE
    __Vectors                                0x08000000   Data           4  startup_stm32f746xx.o(RESET)
    __Vectors_End                            0x080001c8   Data           0  startup_stm32f746xx.o(RESET)
    __main                                   0x080001c9   Thumb Code     0  entry.o(.ARM.Collect$$$$00000000)
    _main_stk                                0x080001c9   Thumb Code     0  entry2.o(.ARM.Collect$$$$00000001)
    _main_scatterload                        0x080001cd   Thumb Code     0  entry5.o(.ARM.Collect$$$$00000004)
    __main_after_scatterload                 0x080001d1   Thumb Code     0  entry5.o(.ARM.Collect$$$$00000004)
    _main_clock                              0x080001d1   Thumb Code     0  entry7b.o(.ARM.Collect$$$$00000008)
    _main_cpp_init                           0x080001d1   Thumb Code     0  entry8b.o(.ARM.Collect$$$$0000000A)
    _main_init                               0x080001d1   Thumb Code     0  entry9a.o(.ARM.Collect$$$$0000000B)
    __rt_final_cpp                           0x080001d9   Thumb Code     0  entry10a.o(.ARM.Collect$$$$0000000D)
    __rt_final_exit                          0x080001d9   Thumb Code     0  entry11a.o(.ARM.Collect$$$$0000000F)
    Reset_Handler                            0x080001dd   Thumb Code     8  startup_stm32f746xx.o(.text)
    NMI_Handler                              0x080001e5   Thumb Code     2  startup_stm32f746xx.o(.text)
    HardFault_Handler                        0x080001e7   Thumb Code     2  startup_stm32f746xx.o(.text)
    MemManage_Handler                        0x080001e9   Thumb Code     2  startup_stm32f746xx.o(.text)
    BusFault_Handler                         0x080001eb   Thumb Code     2  startup_stm32f746xx.o(.text)
    UsageFault_Handler                       0x080001ed   Thumb Code     2  startup_stm32f746xx.o(.text)
    SVC_Handler                              0x080001ef   Thumb Code     2  startup_stm32f746xx.o(.text)
    DebugMon_Handler                         0x080001f1   Thumb Code     2  startup_stm32f746xx.o(.text)
    PendSV_Handler                           0x080001f3   Thumb Code     2  startup_stm32f746xx.o(.text)
    CAN1_RX0_IRQHandler                      0x080001f7   Thumb Code     0  startup_stm32f746xx.o(.text)
    CAN1_RX1_IRQHandler                      0x080001f7   Thumb Code     0  startup_stm32f746xx.o(.text)
    CAN1_SCE_IRQHandler                      0x080001f7   Thumb Code     0  startup_stm32f746xx.o(.text)
    CAN1_TX_IRQHandler                       0x080001f7   Thumb Code     0  startup_stm32f746xx.o(.text)
    CAN2_RX0_IRQHandler                      0x080001f7   Thumb Code     0  startup_stm32f746xx.o(.text)
    CAN2_RX1_IRQHandler                      0x080001f7   Thumb Code     0  startup_stm32f746xx.o(.text)
    CAN2_SCE_IRQHandler                      0x080001f7   Thumb Code     0  startup_stm32f746xx.o(.text)
    CAN2_TX_IRQHandler                       0x080001f7   Thumb Code     0  startup_stm32f746xx.o(.text)
    CEC_IRQHandler                           0x080001f7   Thumb Code     0  startup_stm32f746xx.o(.text)
    DCMI_IRQHandler                          0x080001f7   Thumb Code     0  startup_stm32f746xx.o(.text)
    DMA1_Stream0_IRQHandler                  0x080001f7   Thumb Code     0  startup_stm32f746xx.o(.text)
    DMA1_Stream1_IRQHandler                  0x080001f7   Thumb Code     0  startup_stm32f746xx.o(.text)
    DMA1_Stream2_IRQHandler                  0x080001f7   Thumb Code     0  startup_stm32f746xx.o(.text)
    DMA1_Stream3_IRQHandler                  0x080001f7   Thumb Code     0  startup_stm32f746xx.o(.text)
    DMA1_Stream4_IRQHandler                  0x080001f7   Thumb Code     0  startup_stm32f746xx.o(.text)
    DMA1_Stream5_IRQHandler                  0x080001f7   Thumb Code     0  startup_stm32f746xx.o(.text)
    DMA1_Stream6_IRQHandler                  0x080001f7   Thumb Code     0  startup_stm32f746xx.o(.text)
    DMA1_Stream7_IRQHandler                  0x080001f7   Thumb Code     0  startup_stm32f746xx.o(.text)
    DMA2D_IRQHandler                         0x080001f7   Thumb Code     0  startup_stm32f746xx.o(.text)
    DMA2_Stream0_IRQHandler                  0x080001f7   Thumb Code     0  startup_stm32f746xx.o(.text)
    DMA2_Stream1_IRQHandler                  0x080001f7   Thumb Code     0  startup_stm32f746xx.o(.text)
    DMA2_Stream2_IRQHandler                  0x080001f7   Thumb Code     0  startup_stm32f746xx.o(.text)
    DMA2_Stream3_IRQHandler                  0x080001f7   Thumb Code     0  startup_stm32f746xx.o(.text)
    DMA2_Stream4_IRQHandler                  0x080001f7   Thumb Code     0  startup_stm32f746xx.o(.text)
    DMA2_Stream5_IRQHandler                  0x080001f7   Thumb Code     0  startup_stm32f746xx.o(.text)
    DMA2_Stream6_IRQHandler                  0x080001f7   Thumb Code     0  startup_stm32f746xx.o(.text)
    DMA2_Stream7_IRQHandler                  0x080001f7   Thumb Code     0  startup_stm32f746xx.o(.text)
    ETH_IRQHandler                           0x080001f7   Thumb Code     0  startup_stm32f746xx.o(.text)
    ETH_WKUP_IRQHandler                      0x080001f7   Thumb Code     0  startup_stm32f746xx.o(.text)
    FLASH_IRQHandler                         0x080001f7   Thumb Code     0  startup_stm32f746xx.o(.text)
    FMC_IRQHandler                           0x080001f7   Thumb Code     0  startup_stm32f746xx.o(.text)
    FPU_IRQHandler                           0x080001f7   Thumb Code     0  startup_stm32f746xx.o(.text)
    I2C1_ER_IRQHandler                       0x080001f7   Thumb Code     0  startup_stm32f746xx.o(.text)
    I2C1_EV_IRQHandler                       0x080001f7   Thumb Code     0  startup_stm32f746xx.o(.text)
    I2C2_ER_IRQHandler                       0x080001f7   Thumb Code     0  startup_stm32f746xx.o(.text)
    I2C2_EV_IRQHandler                       0x080001f7   Thumb Code     0  startup_stm32f746xx.o(.text)
    I2C3_ER_IRQHandler                       0x080001f7   Thumb Code     0  startup_stm32f746xx.o(.text)
    I2C3_EV_IRQHandler                       0x080001f7   Thumb Code     0  startup_stm32f746xx.o(.text)
    I2C4_ER_IRQHandler                       0x080001f7   Thumb Code     0  startup_stm32f746xx.o(.text)
    I2C4_EV_IRQHandler                       0x080001f7   Thumb Code     0  startup_stm32f746xx.o(.text)
    LPTIM1_IRQHandler                        0x080001f7   Thumb Code     0  startup_stm32f746xx.o(.text)
    LTDC_ER_IRQHandler                       0x080001f7   Thumb Code     0  startup_stm32f746xx.o(.text)
    LTDC_IRQHandler                          0x080001f7   Thumb Code     0  startup_stm32f746xx.o(.text)
    OTG_FS_IRQHandler                        0x080001f7   Thumb Code     0  startup_stm32f746xx.o(.text)
    OTG_FS_WKUP_IRQHandler                   0x080001f7   Thumb Code     0  startup_stm32f746xx.o(.text)
    OTG_HS_EP1_IN_IRQHandler                 0x080001f7   Thumb Code     0  startup_stm32f746xx.o(.text)
    OTG_HS_EP1_OUT_IRQHandler                0x080001f7   Thumb Code     0  startup_stm32f746xx.o(.text)
    OTG_HS_IRQHandler                        0x080001f7   Thumb Code     0  startup_stm32f746xx.o(.text)
    OTG_HS_WKUP_IRQHandler                   0x080001f7   Thumb Code     0  startup_stm32f746xx.o(.text)
    PVD_IRQHandler                           0x080001f7   Thumb Code     0  startup_stm32f746xx.o(.text)
    QUADSPI_IRQHandler                       0x080001f7   Thumb Code     0  startup_stm32f746xx.o(.text)
    RCC_IRQHandler                           0x080001f7   Thumb Code     0  startup_stm32f746xx.o(.text)
    RNG_IRQHandler                           0x080001f7   Thumb Code     0  startup_stm32f746xx.o(.text)
    RTC_Alarm_IRQHandler                     0x080001f7   Thumb Code     0  startup_stm32f746xx.o(.text)
    RTC_WKUP_IRQHandler                      0x080001f7   Thumb Code     0  startup_stm32f746xx.o(.text)
    SAI1_IRQHandler                          0x080001f7   Thumb Code     0  startup_stm32f746xx.o(.text)
    SAI2_IRQHandler                          0x080001f7   Thumb Code     0  startup_stm32f746xx.o(.text)
    SDMMC1_IRQHandler                        0x080001f7   Thumb Code     0  startup_stm32f746xx.o(.text)
    SPDIF_RX_IRQHandler                      0x080001f7   Thumb Code     0  startup_stm32f746xx.o(.text)
    SPI1_IRQHandler                          0x080001f7   Thumb Code     0  startup_stm32f746xx.o(.text)
    SPI2_IRQHandler                          0x080001f7   Thumb Code     0  startup_stm32f746xx.o(.text)
    SPI3_IRQHandler                          0x080001f7   Thumb Code     0  startup_stm32f746xx.o(.text)
    SPI4_IRQHandler                          0x080001f7   Thumb Code     0  startup_stm32f746xx.o(.text)
    SPI5_IRQHandler                          0x080001f7   Thumb Code     0  startup_stm32f746xx.o(.text)
    SPI6_IRQHandler                          0x080001f7   Thumb Code     0  startup_stm32f746xx.o(.text)
    TAMP_STAMP_IRQHandler                    0x080001f7   Thumb Code     0  startup_stm32f746xx.o(.text)
    TIM1_BRK_TIM9_IRQHandler                 0x080001f7   Thumb Code     0  startup_stm32f746xx.o(.text)
    TIM1_CC_IRQHandler                       0x080001f7   Thumb Code     0  startup_stm32f746xx.o(.text)
    TIM1_TRG_COM_TIM11_IRQHandler            0x080001f7   Thumb Code     0  startup_stm32f746xx.o(.text)
    TIM1_UP_TIM10_IRQHandler                 0x080001f7   Thumb Code     0  startup_stm32f746xx.o(.text)
    TIM2_IRQHandler                          0x080001f7   Thumb Code     0  startup_stm32f746xx.o(.text)
    TIM5_IRQHandler                          0x080001f7   Thumb Code     0  startup_stm32f746xx.o(.text)
    TIM6_DAC_IRQHandler                      0x080001f7   Thumb Code     0  startup_stm32f746xx.o(.text)
    TIM7_IRQHandler                          0x080001f7   Thumb Code     0  startup_stm32f746xx.o(.text)
    TIM8_BRK_TIM12_IRQHandler                0x080001f7   Thumb Code     0  startup_stm32f746xx.o(.text)
    TIM8_CC_IRQHandler                       0x080001f7   Thumb Code     0  startup_stm32f746xx.o(.text)
    TIM8_TRG_COM_TIM14_IRQHandler            0x080001f7   Thumb Code     0  startup_stm32f746xx.o(.text)
    TIM8_UP_TIM13_IRQHandler                 0x080001f7   Thumb Code     0  startup_stm32f746xx.o(.text)
    UART5_IRQHandler                         0x080001f7   Thumb Code     0  startup_stm32f746xx.o(.text)
    UART7_IRQHandler                         0x080001f7   Thumb Code     0  startup_stm32f746xx.o(.text)
    UART8_IRQHandler                         0x080001f7   Thumb Code     0  startup_stm32f746xx.o(.text)
    USART1_IRQHandler                        0x080001f7   Thumb Code     0  startup_stm32f746xx.o(.text)
    USART2_IRQHandler                        0x080001f7   Thumb Code     0  startup_stm32f746xx.o(.text)
    USART3_IRQHandler                        0x080001f7   Thumb Code     0  startup_stm32f746xx.o(.text)
    USART6_IRQHandler                        0x080001f7   Thumb Code     0  startup_stm32f746xx.o(.text)
    WWDG_IRQHandler                          0x080001f7   Thumb Code     0  startup_stm32f746xx.o(.text)
    __aeabi_llsl                             0x08000201   Thumb Code    30  llshl.o(.text)
    _ll_shift_l                              0x08000201   Thumb Code     0  llshl.o(.text)
    __aeabi_lasr                             0x0800021f   Thumb Code    36  llsshr.o(.text)
    _ll_sshift_r                             0x0800021f   Thumb Code     0  llsshr.o(.text)
    __aeabi_dadd                             0x08000243   Thumb Code   322  dadd.o(.text)
    __aeabi_dsub                             0x08000385   Thumb Code     6  dadd.o(.text)
    __aeabi_drsub                            0x0800038b   Thumb Code     6  dadd.o(.text)
    __aeabi_dmul                             0x08000391   Thumb Code   228  dmul.o(.text)
    __aeabi_ddiv                             0x08000475   Thumb Code   222  ddiv.o(.text)
    __aeabi_i2d                              0x08000553   Thumb Code    34  dflti.o(.text)
    __aeabi_d2uiz                            0x08000575   Thumb Code    50  dfixui.o(.text)
    __aeabi_f2d                              0x080005a7   Thumb Code    38  f2d.o(.text)
    __aeabi_d2f                              0x080005cd   Thumb Code    56  d2f.o(.text)
    __aeabi_llsr                             0x08000605   Thumb Code    32  llushr.o(.text)
    _ll_ushift_r                             0x08000605   Thumb Code     0  llushr.o(.text)
    __I$use$fp                               0x08000625   Thumb Code     0  iusefp.o(.text)
    _float_round                             0x08000625   Thumb Code    18  fepilogue.o(.text)
    _float_epilogue                          0x08000637   Thumb Code    92  fepilogue.o(.text)
    _double_round                            0x08000693   Thumb Code    30  depilogue.o(.text)
    _double_epilogue                         0x080006b1   Thumb Code   156  depilogue.o(.text)
    __scatterload                            0x0800074d   Thumb Code    28  init.o(.text)
    __scatterload_rt2                        0x0800074d   Thumb Code     0  init.o(.text)
    ADC_IRQHandler                           0x08000771   Thumb Code    18  main.o(i.ADC_IRQHandler)
    EXTI0_IRQHandler                         0x08000795   Thumb Code    46  main.o(i.EXTI0_IRQHandler)
    EXTI15_10_IRQHandler                     0x080007d1   Thumb Code    36  main.o(i.EXTI15_10_IRQHandler)
    EXTI1_IRQHandler                         0x0800080d   Thumb Code    48  main.o(i.EXTI1_IRQHandler)
    EXTI2_IRQHandler                         0x08000849   Thumb Code    48  main.o(i.EXTI2_IRQHandler)
    EXTI3_IRQHandler                         0x08000885   Thumb Code    26  main.o(i.EXTI3_IRQHandler)
    EXTI4_IRQHandler                         0x080008a9   Thumb Code    28  main.o(i.EXTI4_IRQHandler)
    EXTI9_5_IRQHandler                       0x080008cd   Thumb Code    26  main.o(i.EXTI9_5_IRQHandler)
    SysTick_Handler                          0x080008f1   Thumb Code     2  main.o(i.SysTick_Handler)
    SystemCoreClockUpdate                    0x080008f5   Thumb Code   170  system_stm32f7xx.o(i.SystemCoreClockUpdate)
    SystemInit                               0x080009b5   Thumb Code    82  system_stm32f7xx.o(i.SystemInit)
    TIM3_IRQHandler                          0x08000a19   Thumb Code    24  main.o(i.TIM3_IRQHandler)
    TIM4_IRQHandler                          0x08000a39   Thumb Code    14  main.o(i.TIM4_IRQHandler)
    UART4_IRQHandler                         0x08000a4d   Thumb Code   494  main.o(i.UART4_IRQHandler)
    enviarMatlab()                           0x08000c9d   Thumb Code   218  main.o(i._Z12enviarMatlabv)
    conv_adc()                               0x08000db1   Thumb Code    66  main.o(i._Z8conv_adcv)
    std::abs(double)                         0x08000dfd   Thumb Code    32  main.o(i._ZSt3absd)
    std::log(float)                          0x08000e1d   Thumb Code    24  main.o(i._ZSt3logf)
    __hardfp_fabs                            0x08000e35   Thumb Code    20  fabs.o(i.__hardfp_fabs)
    __hardfp_logf                            0x08000e49   Thumb Code   320  logf.o(i.__hardfp_logf)
    __mathlib_logf                           0x08000e49   Thumb Code     0  logf.o(i.__hardfp_logf)
    __mathlib_flt_divzero                    0x08000fb5   Thumb Code    14  funder.o(i.__mathlib_flt_divzero)
    __mathlib_flt_infnan                     0x08000fc9   Thumb Code     6  funder.o(i.__mathlib_flt_infnan)
    __mathlib_flt_invalid                    0x08000fd1   Thumb Code    10  funder.o(i.__mathlib_flt_invalid)
    __scatterload_copy                       0x08000fe1   Thumb Code    14  handlers.o(i.__scatterload_copy)
    __scatterload_null                       0x08000fef   Thumb Code     2  handlers.o(i.__scatterload_null)
    __scatterload_zeroinit                   0x08000ff1   Thumb Code    14  handlers.o(i.__scatterload_zeroinit)
    __set_errno                              0x08001001   Thumb Code     6  errno.o(i.__set_errno)
    main                                     0x0800100d   Thumb Code  3020  main.o(i.main)
    AHBPrescTable                            0x08001c38   Data          16  system_stm32f7xx.o(.constdata)
    APBPrescTable                            0x08001c48   Data           8  system_stm32f7xx.o(.constdata)
    Region$$Table$$Base                      0x08001c90   Number         0  anon$$obj.o(Region$$Table)
    Region$$Table$$Limit                     0x08001cb0   Number         0  anon$$obj.o(Region$$Table)
    px                                       0x20010000   Data           4  main.o(.data)
    py                                       0x20010004   Data           4  main.o(.data)
    pz                                       0x20010008   Data           4  main.o(.data)
    tiempo                                   0x2001000c   Data           4  main.o(.data)
    olv                                      0x20010010   Data           4  main.o(.data)
    rxd                                      0x20010014   Data           4  main.o(.data)
    ryd                                      0x20010018   Data           4  main.o(.data)
    rzd                                      0x2001001c   Data           4  main.o(.data)
    rext                                     0x20010020   Data           4  main.o(.data)
    paso                                     0x20010024   Data           4  main.o(.data)
    inicialXY                                0x20010028   Data           1  main.o(.data)
    inicialZ                                 0x20010029   Data           1  main.o(.data)
    pi                                       0x20010030   Data           8  main.o(.data)
    posicionInicial                          0x20010038   Data           4  main.o(.data)
    posicionInicialZ                         0x2001003c   Data           4  main.o(.data)
    leyendoValores                           0x20010040   Data           1  main.o(.data)
    time                                     0x20010044   Data           4  main.o(.data)
    dato                                     0x20010048   Data           4  main.o(.data)
    bandera                                  0x2001004c   Data           1  main.o(.data)
    voltajeSalida                            0x20010050   Data           8  main.o(.data)
    giro                                     0x20010058   Data           4  main.o(.data)
    contador                                 0x2001005c   Data           4  main.o(.data)
    contadorY                                0x20010060   Data           4  main.o(.data)
    contadorZ                                0x20010064   Data           4  main.o(.data)
    contadorRecepcion                        0x20010068   Data           4  main.o(.data)
    contadorTest                             0x2001006c   Data           4  main.o(.data)
    Test                                     0x20010070   Data           1  main.o(.data)
    angulo_x                                 0x20010078   Data           8  main.o(.data)
    contador_tiempo                          0x20010080   Data           4  main.o(.data)
    cantidadPasos                            0x20010084   Data           4  main.o(.data)
    distanciaExtrusor                        0x20010088   Data           4  main.o(.data)
    distanciaExtrusorAcumulada               0x2001008c   Data           4  main.o(.data)
    contadorPaso                             0x20010090   Data           4  main.o(.data)
    adc_extrusor                             0x20010094   Data           4  main.o(.data)
    adc_cama_caliente                        0x20010098   Data           4  main.o(.data)
    logR2                                    0x2001009c   Data           4  main.o(.data)
    R2                                       0x200100a0   Data           4  main.o(.data)
    TEMPERATURA                              0x200100a4   Data           4  main.o(.data)
    logR22                                   0x200100a8   Data           4  main.o(.data)
    TEMPERATURAprev                          0x200100ac   Data           4  main.o(.data)
    temperaturaExtrusor                      0x200100b0   Data           4  main.o(.data)
    temperatura_cama                         0x200100b4   Data           4  main.o(.data)
    c1                                       0x200100b8   Data           4  main.o(.data)
    c2                                       0x200100bc   Data           4  main.o(.data)
    c3                                       0x200100c0   Data           4  main.o(.data)
    Vcc                                      0x200100c4   Data           4  main.o(.data)
    R1                                       0x200100c8   Data           4  main.o(.data)
    SystemCoreClock                          0x200100cc   Data           4  system_stm32f7xx.o(.data)
    __initial_sp                             0x200104d8   Data           0  startup_stm32f746xx.o(STACK)



==============================================================================

Memory Map of the image

  Image Entry point : 0x080001dd

  Load Region LR_1 (Base: 0x08000000, Size: 0x00001d84, Max: 0xffffffff, ABSOLUTE)

    Execution Region ER_RO (Exec base: 0x08000000, Load base: 0x08000000, Size: 0x00001cb0, Max: 0xffffffff, ABSOLUTE)

    Exec Addr    Load Addr    Size         Type   Attr      Idx    E Section Name        Object

    0x08000000   0x08000000   0x000001c8   Data   RO         3934    RESET               startup_stm32f746xx.o
    0x080001c8   0x080001c8   0x00000000   Code   RO         4072  * .ARM.Collect$$$$00000000  mc_w.l(entry.o)
    0x080001c8   0x080001c8   0x00000004   Code   RO         4144    .ARM.Collect$$$$00000001  mc_w.l(entry2.o)
    0x080001cc   0x080001cc   0x00000004   Code   RO         4147    .ARM.Collect$$$$00000004  mc_w.l(entry5.o)
    0x080001d0   0x080001d0   0x00000000   Code   RO         4149    .ARM.Collect$$$$00000008  mc_w.l(entry7b.o)
    0x080001d0   0x080001d0   0x00000000   Code   RO         4151    .ARM.Collect$$$$0000000A  mc_w.l(entry8b.o)
    0x080001d0   0x080001d0   0x00000008   Code   RO         4152    .ARM.Collect$$$$0000000B  mc_w.l(entry9a.o)
    0x080001d8   0x080001d8   0x00000000   Code   RO         4154    .ARM.Collect$$$$0000000D  mc_w.l(entry10a.o)
    0x080001d8   0x080001d8   0x00000000   Code   RO         4156    .ARM.Collect$$$$0000000F  mc_w.l(entry11a.o)
    0x080001d8   0x080001d8   0x00000004   Code   RO         4145    .ARM.Collect$$$$00002712  mc_w.l(entry2.o)
    0x080001dc   0x080001dc   0x00000024   Code   RO         3935  * .text               startup_stm32f746xx.o
    0x08000200   0x08000200   0x0000001e   Code   RO         4079    .text               mc_w.l(llshl.o)
    0x0800021e   0x0800021e   0x00000024   Code   RO         4081    .text               mc_w.l(llsshr.o)
    0x08000242   0x08000242   0x0000014e   Code   RO         4089    .text               mf_w.l(dadd.o)
    0x08000390   0x08000390   0x000000e4   Code   RO         4091    .text               mf_w.l(dmul.o)
    0x08000474   0x08000474   0x000000de   Code   RO         4093    .text               mf_w.l(ddiv.o)
    0x08000552   0x08000552   0x00000022   Code   RO         4097    .text               mf_w.l(dflti.o)
    0x08000574   0x08000574   0x00000032   Code   RO         4103    .text               mf_w.l(dfixui.o)
    0x080005a6   0x080005a6   0x00000026   Code   RO         4105    .text               mf_w.l(f2d.o)
    0x080005cc   0x080005cc   0x00000038   Code   RO         4109    .text               mf_w.l(d2f.o)
    0x08000604   0x08000604   0x00000020   Code   RO         4158    .text               mc_w.l(llushr.o)
    0x08000624   0x08000624   0x00000000   Code   RO         4167    .text               mc_w.l(iusefp.o)
    0x08000624   0x08000624   0x0000006e   Code   RO         4168    .text               mf_w.l(fepilogue.o)
    0x08000692   0x08000692   0x000000ba   Code   RO         4170    .text               mf_w.l(depilogue.o)
    0x0800074c   0x0800074c   0x00000024   Code   RO         4174    .text               mc_w.l(init.o)
    0x08000770   0x08000770   0x00000024   Code   RO            4    i.ADC_IRQHandler    main.o
    0x08000794   0x08000794   0x0000003c   Code   RO            5    i.EXTI0_IRQHandler  main.o
    0x080007d0   0x080007d0   0x0000003c   Code   RO            6    i.EXTI15_10_IRQHandler  main.o
    0x0800080c   0x0800080c   0x0000003c   Code   RO            7    i.EXTI1_IRQHandler  main.o
    0x08000848   0x08000848   0x0000003c   Code   RO            8    i.EXTI2_IRQHandler  main.o
    0x08000884   0x08000884   0x00000024   Code   RO            9    i.EXTI3_IRQHandler  main.o
    0x080008a8   0x080008a8   0x00000024   Code   RO           10    i.EXTI4_IRQHandler  main.o
    0x080008cc   0x080008cc   0x00000024   Code   RO           11    i.EXTI9_5_IRQHandler  main.o
    0x080008f0   0x080008f0   0x00000002   Code   RO           12    i.SysTick_Handler   main.o
    0x080008f2   0x080008f2   0x00000002   PAD
    0x080008f4   0x080008f4   0x000000c0   Code   RO         3942    i.SystemCoreClockUpdate  system_stm32f7xx.o
    0x080009b4   0x080009b4   0x00000064   Code   RO         3943    i.SystemInit        system_stm32f7xx.o
    0x08000a18   0x08000a18   0x00000020   Code   RO           13    i.TIM3_IRQHandler   main.o
    0x08000a38   0x08000a38   0x00000014   Code   RO           14    i.TIM4_IRQHandler   main.o
    0x08000a4c   0x08000a4c   0x00000250   Code   RO           15    i.UART4_IRQHandler  main.o
    0x08000c9c   0x08000c9c   0x000000f0   Code   RO           16    i._Z12enviarMatlabv  main.o
    0x08000d8c   0x08000d8c   0x00000022   Code   RO           17    i._Z16__NVIC_EnableIRQ9IRQn_Type  main.o
    0x08000dae   0x08000dae   0x00000002   PAD
    0x08000db0   0x08000db0   0x0000004c   Code   RO           19    i._Z8conv_adcv      main.o
    0x08000dfc   0x08000dfc   0x00000020   Code   RO          138    i._ZSt3absd         main.o
    0x08000e1c   0x08000e1c   0x00000018   Code   RO          144    i._ZSt3logf         main.o
    0x08000e34   0x08000e34   0x00000014   Code   RO         4012    i.__hardfp_fabs     m_wm.l(fabs.o)
    0x08000e48   0x08000e48   0x0000016c   Code   RO         4032    i.__hardfp_logf     m_wm.l(logf.o)
    0x08000fb4   0x08000fb4   0x00000014   Code   RO         4127    i.__mathlib_flt_divzero  m_wm.l(funder.o)
    0x08000fc8   0x08000fc8   0x00000006   Code   RO         4128    i.__mathlib_flt_infnan  m_wm.l(funder.o)
    0x08000fce   0x08000fce   0x00000002   PAD
    0x08000fd0   0x08000fd0   0x00000010   Code   RO         4130    i.__mathlib_flt_invalid  m_wm.l(funder.o)
    0x08000fe0   0x08000fe0   0x0000000e   Code   RO         4178    i.__scatterload_copy  mc_w.l(handlers.o)
    0x08000fee   0x08000fee   0x00000002   Code   RO         4179    i.__scatterload_null  mc_w.l(handlers.o)
    0x08000ff0   0x08000ff0   0x0000000e   Code   RO         4180    i.__scatterload_zeroinit  mc_w.l(handlers.o)
    0x08000ffe   0x08000ffe   0x00000002   PAD
    0x08001000   0x08001000   0x0000000c   Code   RO         4162    i.__set_errno       mc_w.l(errno.o)
    0x0800100c   0x0800100c   0x00000c2c   Code   RO           20    i.main              main.o
    0x08001c38   0x08001c38   0x00000018   Data   RO         3944    .constdata          system_stm32f7xx.o
    0x08001c50   0x08001c50   0x00000040   Data   RO         4035    .constdata          m_wm.l(logf.o)
    0x08001c90   0x08001c90   0x00000020   Data   RO         4176    Region$$Table       anon$$obj.o


    Execution Region ER_RW (Exec base: 0x20010000, Load base: 0x08001cb0, Size: 0x000000d4, Max: 0xffffffff, ABSOLUTE)

    Exec Addr    Load Addr    Size         Type   Attr      Idx    E Section Name        Object

    0x20010000   0x08001cb0   0x000000cc   Data   RW           38    .data               main.o
    0x200100cc   0x08001d7c   0x00000004   Data   RW         3945    .data               system_stm32f7xx.o
    0x200100d0   0x08001d80   0x00000004   Data   RW         4163    .data               mc_w.l(errno.o)


    Execution Region ER_ZI (Exec base: 0x200100d4, Load base: 0x08001d84, Size: 0x00000404, Max: 0xffffffff, ABSOLUTE)

    Exec Addr    Load Addr    Size         Type   Attr      Idx    E Section Name        Object

    0x200100d4   0x08001d84   0x00000004   PAD
    0x200100d8        -       0x00000400   Zero   RW         3932    STACK               startup_stm32f746xx.o


==============================================================================

Image component sizes


      Code (inc. data)   RO Data    RW Data    ZI Data      Debug   Object Name

         0          0          0          0          0       4508   basicmathfunctions.o
      4552        538          0        204          0     681734   main.o
        36          8        456          0       1024        900   startup_stm32f746xx.o
       292         40         24          4          0       2247   system_stm32f7xx.o

    ----------------------------------------------------------------------
      4884        586        512        208       1024     689389   Object Totals
         0          0         32          0          0          0   (incl. Generated)
         4          0          0          0          0          0   (incl. Padding)

    ----------------------------------------------------------------------

      Code (inc. data)   RO Data    RW Data    ZI Data      Debug   Library Member Name

        20          0          0          0          0        124   fabs.o
        42         12          0          0          0        348   funder.o
       364         44         64          0          0        140   logf.o
         0          0          0          0          0          0   entry.o
         0          0          0          0          0          0   entry10a.o
         0          0          0          0          0          0   entry11a.o
         8          4          0          0          0          0   entry2.o
         4          0          0          0          0          0   entry5.o
         0          0          0          0          0          0   entry7b.o
         0          0          0          0          0          0   entry8b.o
         8          4          0          0          0          0   entry9a.o
        12          6          0          4          0         68   errno.o
        30          0          0          0          0          0   handlers.o
        36          8          0          0          0         68   init.o
         0          0          0          0          0          0   iusefp.o
        30          0          0          0          0         68   llshl.o
        36          0          0          0          0         68   llsshr.o
        32          0          0          0          0         68   llushr.o
        56          0          0          0          0         88   d2f.o
       334          0          0          0          0        148   dadd.o
       222          0          0          0          0        100   ddiv.o
       186          0          0          0          0        176   depilogue.o
        50          0          0          0          0         76   dfixui.o
        34          0          0          0          0         76   dflti.o
       228          0          0          0          0         96   dmul.o
        38          0          0          0          0         68   f2d.o
       110          0          0          0          0        168   fepilogue.o

    ----------------------------------------------------------------------
      1884         78         64          4          4       1948   Library Totals
         4          0          0          0          4          0   (incl. Padding)

    ----------------------------------------------------------------------

      Code (inc. data)   RO Data    RW Data    ZI Data      Debug   Library Name

       426         56         64          0          0        612   m_wm.l
       196         22          0          4          0        340   mc_w.l
      1258          0          0          0          0        996   mf_w.l

    ----------------------------------------------------------------------
      1884         78         64          4          4       1948   Library Totals

    ----------------------------------------------------------------------

==============================================================================


      Code (inc. data)   RO Data    RW Data    ZI Data      Debug   

      6768        664        576        212       1028     688969   Grand Totals
      6768        664        576        212       1028     688969   ELF Image Totals
      6768        664        576        212          0          0   ROM Totals

==============================================================================

    Total RO  Size (Code + RO Data)                 7344 (   7.17kB)
    Total RW  Size (RW Data + ZI Data)              1240 (   1.21kB)
    Total ROM Size (Code + RO Data + RW Data)       7556 (   7.38kB)

==============================================================================

